---
source: crates/dora-ir/src/tests/wasm.rs
expression: "test_module(& context, i32_type, block).as_operation()"
snapshot_kind: text
---
"builtin.module"() ({
  "func.func"() <{function_type = (i32) -> (), sym_name = "test_func"}> ({
  ^bb0(%arg0: i32, %arg1: i32):
    %0 = "wasm.mul"(%arg0, %arg1) : (i32, i32) -> i32
  }) : () -> ()
}) : () -> ()
