---
source: crates/dora-compiler/src/dora/tests/operations.rs
expression: op
snapshot_kind: text
---
module {
  llvm.mlir.global internal @dora_stack_ptr() {addr_space = 0 : i32} : !llvm.ptr
  llvm.mlir.global internal @dora_memory_ptr() {addr_space = 0 : i32} : !llvm.ptr
  llvm.mlir.global internal @dora_memory_size() {addr_space = 0 : i32} : i32
  llvm.mlir.global internal @dora_calldata_ptr() {addr_space = 0 : i32} : !llvm.ptr
  llvm.mlir.global internal @dora_calldata_size() {addr_space = 0 : i32} : i32
  llvm.mlir.global internal @dora_gas_counter() {addr_space = 0 : i32} : i64
  func.func private @dora_debug_print(i32)
  func.func private @dora_write_result(!llvm.ptr, i32, i32, i64, i8)
  func.func private @dora_keccak256_hasher(!llvm.ptr, i32, i32, !llvm.ptr)
  func.func private @dora_get_calldata_ptr(!llvm.ptr) -> !llvm.ptr
  func.func private @dora_get_calldata_size(!llvm.ptr) -> i32
  func.func private @dora_get_chainid(!llvm.ptr) -> i64
  func.func private @dora_store_in_callvalue_ptr(!llvm.ptr, !llvm.ptr)
  func.func private @dora_store_in_caller_ptr(!llvm.ptr, !llvm.ptr)
  func.func private @dora_store_in_gasprice_ptr(!llvm.ptr, !llvm.ptr)
  func.func private @dora_store_in_selfbalance_ptr(!llvm.ptr, !llvm.ptr)
  func.func private @dora_store_in_blobbasefee_ptr(!llvm.ptr, !llvm.ptr)
  func.func private @dora_get_gaslimit(!llvm.ptr) -> i64
  func.func private @dora_extend_memory(!llvm.ptr, i32) -> !llvm.ptr
  func.func private @dora_copy_code_to_memory(!llvm.ptr, i32, i32, i32)
  func.func private @dora_read_storage(!llvm.ptr, !llvm.ptr, !llvm.ptr)
  func.func private @dora_write_storage(!llvm.ptr, !llvm.ptr, !llvm.ptr) -> i64
  func.func private @dora_append_log(!llvm.ptr, i32, i32)
  func.func private @dora_append_log_with_one_topic(!llvm.ptr, i32, i32, !llvm.ptr)
  func.func private @dora_append_log_with_two_topics(!llvm.ptr, i32, i32, !llvm.ptr, !llvm.ptr)
  func.func private @dora_append_log_with_three_topics(!llvm.ptr, i32, i32, !llvm.ptr, !llvm.ptr, !llvm.ptr)
  func.func private @dora_append_log_with_four_topics(!llvm.ptr, i32, i32, !llvm.ptr, !llvm.ptr, !llvm.ptr, !llvm.ptr)
  func.func private @dora_get_origin(!llvm.ptr, !llvm.ptr)
  func.func private @dora_get_coinbase_ptr(!llvm.ptr) -> !llvm.ptr
  func.func private @dora_get_block_number(!llvm.ptr, !llvm.ptr)
  func.func private @dora_get_codesize_from_address(!llvm.ptr, !llvm.ptr) -> i64
  func.func private @dora_get_address_ptr(!llvm.ptr) -> !llvm.ptr
  func.func private @dora_get_prevrandao(!llvm.ptr, !llvm.ptr)
  func.func private @dora_store_in_timestamp_ptr(!llvm.ptr, !llvm.ptr)
  func.func private @dora_store_in_basefee_ptr(!llvm.ptr, !llvm.ptr)
  func.func private @dora_call(!llvm.ptr, i64, !llvm.ptr, !llvm.ptr, i32, i32, i32, i32, i64, !llvm.ptr, i8) -> i8
  func.func private @dora_store_in_balance(!llvm.ptr, !llvm.ptr, !llvm.ptr)
  func.func private @dora_copy_ext_code_to_memory(!llvm.ptr, !llvm.ptr, i32, i32, i32)
  func.func private @dora_get_blob_hash_at_index(!llvm.ptr, !llvm.ptr, !llvm.ptr)
  func.func private @dora_get_block_hash(!llvm.ptr, !llvm.ptr)
  func.func private @dora_get_code_hash(!llvm.ptr, !llvm.ptr)
  func.func private @dora_create(!llvm.ptr, i32, i32, !llvm.ptr, !llvm.ptr) -> i8
  func.func private @dora_create2(!llvm.ptr, i32, i32, !llvm.ptr, !llvm.ptr, !llvm.ptr) -> i8
  func.func private @dora_get_return_data_size(!llvm.ptr) -> i32
  func.func private @dora_copy_return_data_into_memory(!llvm.ptr, i32, i32, i32)
  func.func private @dora_selfdestruct(!llvm.ptr, !llvm.ptr) -> i64
  func.func private @dora_transient_storage_read(!llvm.ptr, !llvm.ptr, !llvm.ptr)
  func.func private @dora_transient_storage_write(!llvm.ptr, !llvm.ptr, !llvm.ptr)
  func.func public @main(%arg0: !llvm.ptr, %arg1: i64) -> i8 attributes {llvm.emit_c_interface} {
    %c1024_i256 = arith.constant 1024 : i256
    %0 = llvm.alloca %c1024_i256 x i256 : (i256) -> !llvm.ptr
    %1 = llvm.mlir.addressof @dora_stack_ptr : !llvm.ptr
    llvm.store %0, %1 : !llvm.ptr, !llvm.ptr
    %c0_i32 = arith.constant 0 : i32
    %2 = llvm.mlir.addressof @dora_memory_size : !llvm.ptr
    llvm.store %c0_i32, %2 : i32, !llvm.ptr
    %3 = call @dora_get_calldata_ptr(%arg0) : (!llvm.ptr) -> !llvm.ptr
    %4 = llvm.mlir.addressof @dora_calldata_ptr : !llvm.ptr
    llvm.store %3, %4 : !llvm.ptr, !llvm.ptr
    %5 = call @dora_get_calldata_size(%arg0) : (!llvm.ptr) -> i32
    %6 = llvm.mlir.addressof @dora_calldata_size : !llvm.ptr
    llvm.store %5, %6 : i32, !llvm.ptr
    %7 = llvm.mlir.addressof @dora_gas_counter : !llvm.ptr
    llvm.store %arg1, %7 : i64, !llvm.ptr
    cf.br ^bb3
  ^bb1:  // pred: ^bb2
    %c0_i32_0 = arith.constant 0 : i32
    %c0_i64 = arith.constant 0 : i64
    %c3_i8 = arith.constant 3 : i8
    call @dora_write_result(%arg0, %c0_i32_0, %c0_i32_0, %c0_i64, %c3_i8) : (!llvm.ptr, i32, i32, i64, i8) -> ()
    return %c3_i8 : i8
  ^bb2(%8: i256):  // no predecessors
    cf.switch %8 : i256, [
      default: ^bb1
    ]
  ^bb3:  // pred: ^bb0
    %c32_i256 = arith.constant 32 : i256
    %9 = llvm.mlir.addressof @dora_stack_ptr : !llvm.ptr
    %10 = llvm.load %9 : !llvm.ptr -> !llvm.ptr
    llvm.store %c32_i256, %10 : i256, !llvm.ptr
    %11 = llvm.getelementptr %10[1] : (!llvm.ptr) -> !llvm.ptr, i256
    llvm.store %11, %9 : !llvm.ptr, !llvm.ptr
    cf.br ^bb4
  ^bb4:  // pred: ^bb3
    %c10_i256 = arith.constant 10 : i256
    %12 = llvm.mlir.addressof @dora_stack_ptr : !llvm.ptr
    %13 = llvm.load %12 : !llvm.ptr -> !llvm.ptr
    llvm.store %c10_i256, %13 : i256, !llvm.ptr
    %14 = llvm.getelementptr %13[1] : (!llvm.ptr) -> !llvm.ptr, i256
    llvm.store %14, %12 : !llvm.ptr, !llvm.ptr
    cf.br ^bb5
  ^bb5:  // pred: ^bb4
    %c1_i256 = arith.constant 1 : i256
    %15 = llvm.mlir.addressof @dora_stack_ptr : !llvm.ptr
    %16 = llvm.load %15 : !llvm.ptr -> !llvm.ptr
    llvm.store %c1_i256, %16 : i256, !llvm.ptr
    %17 = llvm.getelementptr %16[1] : (!llvm.ptr) -> !llvm.ptr, i256
    llvm.store %17, %15 : !llvm.ptr, !llvm.ptr
    cf.br ^bb6
  ^bb6:  // pred: ^bb5
    %c2_i256 = arith.constant 2 : i256
    %18 = llvm.mlir.addressof @dora_stack_ptr : !llvm.ptr
    %19 = llvm.load %18 : !llvm.ptr -> !llvm.ptr
    llvm.store %c2_i256, %19 : i256, !llvm.ptr
    %20 = llvm.getelementptr %19[1] : (!llvm.ptr) -> !llvm.ptr, i256
    llvm.store %20, %18 : !llvm.ptr, !llvm.ptr
    cf.br ^bb7
  ^bb7:  // pred: ^bb6
    %c3_i256 = arith.constant 3 : i256
    %21 = llvm.mlir.addressof @dora_stack_ptr : !llvm.ptr
    %22 = llvm.load %21 : !llvm.ptr -> !llvm.ptr
    llvm.store %c3_i256, %22 : i256, !llvm.ptr
    %23 = llvm.getelementptr %22[1] : (!llvm.ptr) -> !llvm.ptr, i256
    llvm.store %23, %21 : !llvm.ptr, !llvm.ptr
    cf.br ^bb8
  ^bb8:  // pred: ^bb7
    %c4_i256 = arith.constant 4 : i256
    %24 = llvm.mlir.addressof @dora_stack_ptr : !llvm.ptr
    %25 = llvm.load %24 : !llvm.ptr -> !llvm.ptr
    llvm.store %c4_i256, %25 : i256, !llvm.ptr
    %26 = llvm.getelementptr %25[1] : (!llvm.ptr) -> !llvm.ptr, i256
    llvm.store %26, %24 : !llvm.ptr, !llvm.ptr
    cf.br ^bb9
  ^bb9:  // pred: ^bb8
    %27 = llvm.mlir.addressof @dora_stack_ptr : !llvm.ptr
    %28 = llvm.load %27 : !llvm.ptr -> !llvm.ptr
    %29 = llvm.getelementptr %28[-1] : (!llvm.ptr) -> !llvm.ptr, i256
    %30 = llvm.load %29 : !llvm.ptr -> i256
    llvm.store %29, %27 : !llvm.ptr, !llvm.ptr
    %31 = llvm.mlir.addressof @dora_stack_ptr : !llvm.ptr
    %32 = llvm.load %31 : !llvm.ptr -> !llvm.ptr
    %33 = llvm.getelementptr %32[-1] : (!llvm.ptr) -> !llvm.ptr, i256
    %34 = llvm.load %33 : !llvm.ptr -> i256
    llvm.store %33, %31 : !llvm.ptr, !llvm.ptr
    %35 = llvm.mlir.addressof @dora_stack_ptr : !llvm.ptr
    %36 = llvm.load %35 : !llvm.ptr -> !llvm.ptr
    %37 = llvm.getelementptr %36[-1] : (!llvm.ptr) -> !llvm.ptr, i256
    %38 = llvm.load %37 : !llvm.ptr -> i256
    llvm.store %37, %35 : !llvm.ptr, !llvm.ptr
    %39 = llvm.mlir.addressof @dora_stack_ptr : !llvm.ptr
    %40 = llvm.load %39 : !llvm.ptr -> !llvm.ptr
    %41 = llvm.getelementptr %40[-1] : (!llvm.ptr) -> !llvm.ptr, i256
    %42 = llvm.load %41 : !llvm.ptr -> i256
    llvm.store %41, %39 : !llvm.ptr, !llvm.ptr
    %43 = llvm.mlir.addressof @dora_stack_ptr : !llvm.ptr
    %44 = llvm.load %43 : !llvm.ptr -> !llvm.ptr
    %45 = llvm.getelementptr %44[-1] : (!llvm.ptr) -> !llvm.ptr, i256
    %46 = llvm.load %45 : !llvm.ptr -> i256
    llvm.store %45, %43 : !llvm.ptr, !llvm.ptr
    %47 = llvm.mlir.addressof @dora_stack_ptr : !llvm.ptr
    %48 = llvm.load %47 : !llvm.ptr -> !llvm.ptr
    %49 = llvm.getelementptr %48[-1] : (!llvm.ptr) -> !llvm.ptr, i256
    %50 = llvm.load %49 : !llvm.ptr -> i256
    llvm.store %49, %47 : !llvm.ptr, !llvm.ptr
    %51 = arith.trunci %30 : i256 to i32
    %52 = arith.trunci %34 : i256 to i32
    %53 = arith.addi %51, %52 : i32
    %54 = llvm.mlir.addressof @dora_memory_size : !llvm.ptr
    %55 = llvm.load %54 : !llvm.ptr -> i32
    %c31_i32 = arith.constant 31 : i32
    %c32_i32 = arith.constant 32 : i32
    %56 = arith.addi %53, %c31_i32 : i32
    %57 = arith.divui %56, %c32_i32 : i32
    %58 = arith.muli %57, %c32_i32 : i32
    %59 = arith.cmpi ult, %55, %58 : i32
    scf.if %59 {
      %64 = func.call @dora_extend_memory(%arg0, %58) : (!llvm.ptr, i32) -> !llvm.ptr
      llvm.store %58, %54 : i32, !llvm.ptr
      %65 = llvm.mlir.addressof @dora_memory_ptr : !llvm.ptr
      llvm.store %64, %65 : !llvm.ptr, !llvm.ptr
    } else {
    }
    %c1_i256_1 = arith.constant 1 : i256
    %60 = llvm.alloca %c1_i256_1 x i256 : (i256) -> !llvm.ptr
    llvm.store %38, %60 {alignment = 1 : i64} : i256, !llvm.ptr
    %c1_i256_2 = arith.constant 1 : i256
    %61 = llvm.alloca %c1_i256_2 x i256 : (i256) -> !llvm.ptr
    llvm.store %42, %61 {alignment = 1 : i64} : i256, !llvm.ptr
    %c1_i256_3 = arith.constant 1 : i256
    %62 = llvm.alloca %c1_i256_3 x i256 : (i256) -> !llvm.ptr
    llvm.store %46, %62 {alignment = 1 : i64} : i256, !llvm.ptr
    %c1_i256_4 = arith.constant 1 : i256
    %63 = llvm.alloca %c1_i256_4 x i256 : (i256) -> !llvm.ptr
    llvm.store %50, %63 {alignment = 1 : i64} : i256, !llvm.ptr
    call @dora_append_log_with_four_topics(%arg0, %51, %52, %60, %61, %62, %63) : (!llvm.ptr, i32, i32, !llvm.ptr, !llvm.ptr, !llvm.ptr, !llvm.ptr) -> ()
    cf.br ^bb10
  ^bb10:  // pred: ^bb9
    %c0_i32_5 = arith.constant 0 : i32
    %c1_i8 = arith.constant 1 : i8
    call @dora_write_result(%arg0, %c0_i32_5, %c0_i32_5, %arg1, %c1_i8) : (!llvm.ptr, i32, i32, i64, i8) -> ()
    return %c1_i8 : i8
  }
}
