---
source: crates/dora-compiler/src/dora/tests/operations.rs
expression: op
snapshot_kind: text
---
"builtin.module"() ({
  "llvm.mlir.global"() <{addr_space = 0 : i32, global_type = !llvm.ptr, linkage = #llvm.linkage<internal>, sym_name = "dora_stack_ptr", visibility_ = 0 : i64}> ({
  }) : () -> ()
  "llvm.mlir.global"() <{addr_space = 0 : i32, global_type = !llvm.ptr, linkage = #llvm.linkage<internal>, sym_name = "dora_memory_ptr", visibility_ = 0 : i64}> ({
  }) : () -> ()
  "llvm.mlir.global"() <{addr_space = 0 : i32, global_type = i32, linkage = #llvm.linkage<internal>, sym_name = "dora_memory_size", visibility_ = 0 : i64}> ({
  }) : () -> ()
  "llvm.mlir.global"() <{addr_space = 0 : i32, global_type = !llvm.ptr, linkage = #llvm.linkage<internal>, sym_name = "dora_calldata_ptr", visibility_ = 0 : i64}> ({
  }) : () -> ()
  "llvm.mlir.global"() <{addr_space = 0 : i32, global_type = i32, linkage = #llvm.linkage<internal>, sym_name = "dora_calldata_size", visibility_ = 0 : i64}> ({
  }) : () -> ()
  "llvm.mlir.global"() <{addr_space = 0 : i32, global_type = i64, linkage = #llvm.linkage<internal>, sym_name = "dora_gas_counter", visibility_ = 0 : i64}> ({
  }) : () -> ()
  "func.func"() <{function_type = (i32) -> (), sym_name = "dora_debug_print", sym_visibility = "private"}> ({
  }) : () -> ()
  "func.func"() <{function_type = (!llvm.ptr, i32, i32, i64, i8) -> (), sym_name = "dora_write_result", sym_visibility = "private"}> ({
  }) : () -> ()
  "func.func"() <{function_type = (!llvm.ptr, i32, i32, !llvm.ptr) -> (), sym_name = "dora_keccak256_hasher", sym_visibility = "private"}> ({
  }) : () -> ()
  "func.func"() <{function_type = (!llvm.ptr) -> !llvm.ptr, sym_name = "dora_get_calldata_ptr", sym_visibility = "private"}> ({
  }) : () -> ()
  "func.func"() <{function_type = (!llvm.ptr) -> i32, sym_name = "dora_get_calldata_size", sym_visibility = "private"}> ({
  }) : () -> ()
  "func.func"() <{function_type = (!llvm.ptr) -> i64, sym_name = "dora_get_chainid", sym_visibility = "private"}> ({
  }) : () -> ()
  "func.func"() <{function_type = (!llvm.ptr, !llvm.ptr) -> (), sym_name = "dora_store_in_callvalue_ptr", sym_visibility = "private"}> ({
  }) : () -> ()
  "func.func"() <{function_type = (!llvm.ptr, !llvm.ptr) -> (), sym_name = "dora_store_in_caller_ptr", sym_visibility = "private"}> ({
  }) : () -> ()
  "func.func"() <{function_type = (!llvm.ptr, !llvm.ptr) -> (), sym_name = "dora_store_in_gasprice_ptr", sym_visibility = "private"}> ({
  }) : () -> ()
  "func.func"() <{function_type = (!llvm.ptr, !llvm.ptr) -> (), sym_name = "dora_store_in_selfbalance_ptr", sym_visibility = "private"}> ({
  }) : () -> ()
  "func.func"() <{function_type = (!llvm.ptr, !llvm.ptr) -> (), sym_name = "dora_store_in_blobbasefee_ptr", sym_visibility = "private"}> ({
  }) : () -> ()
  "func.func"() <{function_type = (!llvm.ptr) -> i64, sym_name = "dora_get_gaslimit", sym_visibility = "private"}> ({
  }) : () -> ()
  "func.func"() <{function_type = (!llvm.ptr, i32) -> !llvm.ptr, sym_name = "dora_extend_memory", sym_visibility = "private"}> ({
  }) : () -> ()
  "func.func"() <{function_type = (!llvm.ptr, i32, i32, i32) -> (), sym_name = "dora_copy_code_to_memory", sym_visibility = "private"}> ({
  }) : () -> ()
  "func.func"() <{function_type = (!llvm.ptr, !llvm.ptr, !llvm.ptr) -> (), sym_name = "dora_read_storage", sym_visibility = "private"}> ({
  }) : () -> ()
  "func.func"() <{function_type = (!llvm.ptr, !llvm.ptr, !llvm.ptr) -> i64, sym_name = "dora_write_storage", sym_visibility = "private"}> ({
  }) : () -> ()
  "func.func"() <{function_type = (!llvm.ptr, i32, i32) -> (), sym_name = "dora_append_log", sym_visibility = "private"}> ({
  }) : () -> ()
  "func.func"() <{function_type = (!llvm.ptr, i32, i32, !llvm.ptr) -> (), sym_name = "dora_append_log_with_one_topic", sym_visibility = "private"}> ({
  }) : () -> ()
  "func.func"() <{function_type = (!llvm.ptr, i32, i32, !llvm.ptr, !llvm.ptr) -> (), sym_name = "dora_append_log_with_two_topics", sym_visibility = "private"}> ({
  }) : () -> ()
  "func.func"() <{function_type = (!llvm.ptr, i32, i32, !llvm.ptr, !llvm.ptr, !llvm.ptr) -> (), sym_name = "dora_append_log_with_three_topics", sym_visibility = "private"}> ({
  }) : () -> ()
  "func.func"() <{function_type = (!llvm.ptr, i32, i32, !llvm.ptr, !llvm.ptr, !llvm.ptr, !llvm.ptr) -> (), sym_name = "dora_append_log_with_four_topics", sym_visibility = "private"}> ({
  }) : () -> ()
  "func.func"() <{function_type = (!llvm.ptr, !llvm.ptr) -> (), sym_name = "dora_get_origin", sym_visibility = "private"}> ({
  }) : () -> ()
  "func.func"() <{function_type = (!llvm.ptr) -> !llvm.ptr, sym_name = "dora_get_coinbase_ptr", sym_visibility = "private"}> ({
  }) : () -> ()
  "func.func"() <{function_type = (!llvm.ptr, !llvm.ptr) -> (), sym_name = "dora_get_block_number", sym_visibility = "private"}> ({
  }) : () -> ()
  "func.func"() <{function_type = (!llvm.ptr, !llvm.ptr) -> i64, sym_name = "dora_get_codesize_from_address", sym_visibility = "private"}> ({
  }) : () -> ()
  "func.func"() <{function_type = (!llvm.ptr) -> !llvm.ptr, sym_name = "dora_get_address_ptr", sym_visibility = "private"}> ({
  }) : () -> ()
  "func.func"() <{function_type = (!llvm.ptr, !llvm.ptr) -> (), sym_name = "dora_get_prevrandao", sym_visibility = "private"}> ({
  }) : () -> ()
  "func.func"() <{function_type = (!llvm.ptr, !llvm.ptr) -> (), sym_name = "dora_store_in_timestamp_ptr", sym_visibility = "private"}> ({
  }) : () -> ()
  "func.func"() <{function_type = (!llvm.ptr, !llvm.ptr) -> (), sym_name = "dora_store_in_basefee_ptr", sym_visibility = "private"}> ({
  }) : () -> ()
  "func.func"() <{function_type = (!llvm.ptr, i64, !llvm.ptr, !llvm.ptr, i32, i32, i32, i32, i64, !llvm.ptr, i8) -> i8, sym_name = "dora_call", sym_visibility = "private"}> ({
  }) : () -> ()
  "func.func"() <{function_type = (!llvm.ptr, !llvm.ptr, !llvm.ptr) -> (), sym_name = "dora_store_in_balance", sym_visibility = "private"}> ({
  }) : () -> ()
  "func.func"() <{function_type = (!llvm.ptr, !llvm.ptr, i32, i32, i32) -> (), sym_name = "dora_copy_ext_code_to_memory", sym_visibility = "private"}> ({
  }) : () -> ()
  "func.func"() <{function_type = (!llvm.ptr, !llvm.ptr, !llvm.ptr) -> (), sym_name = "dora_get_blob_hash_at_index", sym_visibility = "private"}> ({
  }) : () -> ()
  "func.func"() <{function_type = (!llvm.ptr, !llvm.ptr) -> (), sym_name = "dora_get_block_hash", sym_visibility = "private"}> ({
  }) : () -> ()
  "func.func"() <{function_type = (!llvm.ptr, !llvm.ptr) -> (), sym_name = "dora_get_code_hash", sym_visibility = "private"}> ({
  }) : () -> ()
  "func.func"() <{function_type = (!llvm.ptr, i32, i32, !llvm.ptr, !llvm.ptr) -> i8, sym_name = "dora_create", sym_visibility = "private"}> ({
  }) : () -> ()
  "func.func"() <{function_type = (!llvm.ptr, i32, i32, !llvm.ptr, !llvm.ptr, !llvm.ptr) -> i8, sym_name = "dora_create2", sym_visibility = "private"}> ({
  }) : () -> ()
  "func.func"() <{function_type = (!llvm.ptr) -> i32, sym_name = "dora_get_return_data_size", sym_visibility = "private"}> ({
  }) : () -> ()
  "func.func"() <{function_type = (!llvm.ptr, i32, i32, i32) -> (), sym_name = "dora_copy_return_data_into_memory", sym_visibility = "private"}> ({
  }) : () -> ()
  "func.func"() <{function_type = (!llvm.ptr, !llvm.ptr) -> i64, sym_name = "dora_selfdestruct", sym_visibility = "private"}> ({
  }) : () -> ()
  "func.func"() <{function_type = (!llvm.ptr, !llvm.ptr, !llvm.ptr) -> (), sym_name = "dora_transient_storage_read", sym_visibility = "private"}> ({
  }) : () -> ()
  "func.func"() <{function_type = (!llvm.ptr, !llvm.ptr, !llvm.ptr) -> (), sym_name = "dora_transient_storage_write", sym_visibility = "private"}> ({
  }) : () -> ()
  "func.func"() <{function_type = (!llvm.ptr, i64) -> i8, sym_name = "main", sym_visibility = "public"}> ({
  ^bb0(%arg0: !llvm.ptr, %arg1: i64):
    %0 = "arith.constant"() <{value = 1024 : i256}> : () -> i256
    %1 = "llvm.alloca"(%0) <{elem_type = i256}> : (i256) -> !llvm.ptr
    %2 = "llvm.mlir.addressof"() <{global_name = @dora_stack_ptr}> : () -> !llvm.ptr
    "llvm.store"(%1, %2) <{ordering = 0 : i64}> : (!llvm.ptr, !llvm.ptr) -> ()
    %3 = "arith.constant"() <{value = 0 : i32}> : () -> i32
    %4 = "llvm.mlir.addressof"() <{global_name = @dora_memory_size}> : () -> !llvm.ptr
    "llvm.store"(%3, %4) <{ordering = 0 : i64}> : (i32, !llvm.ptr) -> ()
    %5 = "func.call"(%arg0) <{callee = @dora_get_calldata_ptr}> : (!llvm.ptr) -> !llvm.ptr
    %6 = "llvm.mlir.addressof"() <{global_name = @dora_calldata_ptr}> : () -> !llvm.ptr
    "llvm.store"(%5, %6) <{ordering = 0 : i64}> : (!llvm.ptr, !llvm.ptr) -> ()
    %7 = "func.call"(%arg0) <{callee = @dora_get_calldata_size}> : (!llvm.ptr) -> i32
    %8 = "llvm.mlir.addressof"() <{global_name = @dora_calldata_size}> : () -> !llvm.ptr
    "llvm.store"(%7, %8) <{ordering = 0 : i64}> : (i32, !llvm.ptr) -> ()
    %9 = "llvm.mlir.addressof"() <{global_name = @dora_gas_counter}> : () -> !llvm.ptr
    "llvm.store"(%arg1, %9) <{ordering = 0 : i64}> : (i64, !llvm.ptr) -> ()
    "cf.br"()[^bb3] : () -> ()
  ^bb1:  // 2 preds: ^bb2, ^bb12
    %10 = "arith.constant"() <{value = 0 : i32}> : () -> i32
    %11 = "arith.constant"() <{value = 0 : i64}> : () -> i64
    %12 = "arith.constant"() <{value = 3 : i8}> : () -> i8
    "func.call"(%arg0, %10, %10, %11, %12) <{callee = @dora_write_result}> : (!llvm.ptr, i32, i32, i64, i8) -> ()
    "func.return"(%12) : (i8) -> ()
  ^bb2(%13: i256):  // no predecessors
    "cf.switch"(%13)[^bb1] <{case_operand_segments = array<i32>, case_values = dense<> : tensor<0xi256>, operandSegmentSizes = array<i32: 1, 0, 0>}> : (i256) -> ()
  ^bb3:  // pred: ^bb0
    %14 = "arith.constant"() <{value = 170141183460469231731687303715884105727 : i256}> : () -> i256
    %15 = "llvm.mlir.addressof"() <{global_name = @dora_stack_ptr}> : () -> !llvm.ptr
    %16 = "llvm.load"(%15) <{ordering = 0 : i64}> : (!llvm.ptr) -> !llvm.ptr
    "llvm.store"(%14, %16) <{ordering = 0 : i64}> : (i256, !llvm.ptr) -> ()
    %17 = "llvm.getelementptr"(%16) <{elem_type = i256, rawConstantIndices = array<i32: 1>}> : (!llvm.ptr) -> !llvm.ptr
    "llvm.store"(%17, %15) <{ordering = 0 : i64}> : (!llvm.ptr, !llvm.ptr) -> ()
    "cf.br"()[^bb4] : () -> ()
  ^bb4:  // pred: ^bb3
    %18 = "arith.constant"() <{value = 0 : i256}> : () -> i256
    %19 = "llvm.mlir.addressof"() <{global_name = @dora_stack_ptr}> : () -> !llvm.ptr
    %20 = "llvm.load"(%19) <{ordering = 0 : i64}> : (!llvm.ptr) -> !llvm.ptr
    "llvm.store"(%18, %20) <{ordering = 0 : i64}> : (i256, !llvm.ptr) -> ()
    %21 = "llvm.getelementptr"(%20) <{elem_type = i256, rawConstantIndices = array<i32: 1>}> : (!llvm.ptr) -> !llvm.ptr
    "llvm.store"(%21, %19) <{ordering = 0 : i64}> : (!llvm.ptr, !llvm.ptr) -> ()
    "cf.br"()[^bb5] : () -> ()
  ^bb5:  // pred: ^bb4
    %22 = "llvm.mlir.addressof"() <{global_name = @dora_stack_ptr}> : () -> !llvm.ptr
    %23 = "llvm.load"(%22) <{ordering = 0 : i64}> : (!llvm.ptr) -> !llvm.ptr
    %24 = "llvm.getelementptr"(%23) <{elem_type = i256, rawConstantIndices = array<i32: -1>}> : (!llvm.ptr) -> !llvm.ptr
    %25 = "llvm.load"(%24) <{ordering = 0 : i64}> : (!llvm.ptr) -> i256
    "llvm.store"(%24, %22) <{ordering = 0 : i64}> : (!llvm.ptr, !llvm.ptr) -> ()
    %26 = "llvm.mlir.addressof"() <{global_name = @dora_stack_ptr}> : () -> !llvm.ptr
    %27 = "llvm.load"(%26) <{ordering = 0 : i64}> : (!llvm.ptr) -> !llvm.ptr
    %28 = "llvm.getelementptr"(%27) <{elem_type = i256, rawConstantIndices = array<i32: -1>}> : (!llvm.ptr) -> !llvm.ptr
    %29 = "llvm.load"(%28) <{ordering = 0 : i64}> : (!llvm.ptr) -> i256
    "llvm.store"(%28, %26) <{ordering = 0 : i64}> : (!llvm.ptr, !llvm.ptr) -> ()
    %30 = "arith.trunci"(%25) : (i256) -> i32
    %31 = "arith.constant"() <{value = 32 : i32}> : () -> i32
    %32 = "arith.addi"(%30, %31) <{overflowFlags = #arith.overflow<none>}> : (i32, i32) -> i32
    %33 = "llvm.mlir.addressof"() <{global_name = @dora_memory_size}> : () -> !llvm.ptr
    %34 = "llvm.load"(%33) <{ordering = 0 : i64}> : (!llvm.ptr) -> i32
    %35 = "arith.constant"() <{value = 31 : i32}> : () -> i32
    %36 = "arith.constant"() <{value = 32 : i32}> : () -> i32
    %37 = "arith.addi"(%32, %35) <{overflowFlags = #arith.overflow<none>}> : (i32, i32) -> i32
    %38 = "arith.divui"(%37, %36) : (i32, i32) -> i32
    %39 = "arith.muli"(%38, %36) <{overflowFlags = #arith.overflow<none>}> : (i32, i32) -> i32
    %40 = "arith.cmpi"(%34, %39) <{predicate = 6 : i64}> : (i32, i32) -> i1
    "scf.if"(%40) ({
      %137 = "func.call"(%arg0, %39) <{callee = @dora_extend_memory}> : (!llvm.ptr, i32) -> !llvm.ptr
      "llvm.store"(%39, %33) <{ordering = 0 : i64}> : (i32, !llvm.ptr) -> ()
      %138 = "llvm.mlir.addressof"() <{global_name = @dora_memory_ptr}> : () -> !llvm.ptr
      "llvm.store"(%137, %138) <{ordering = 0 : i64}> : (!llvm.ptr, !llvm.ptr) -> ()
      "scf.yield"() : () -> ()
    }, {
      "scf.yield"() : () -> ()
    }) : (i1) -> ()
    %41 = "llvm.mlir.addressof"() <{global_name = @dora_memory_ptr}> : () -> !llvm.ptr
    %42 = "llvm.load"(%41) <{ordering = 0 : i64}> : (!llvm.ptr) -> !llvm.ptr
    %43 = "llvm.getelementptr"(%42, %30) <{elem_type = i8, rawConstantIndices = array<i32: -2147483648>}> : (!llvm.ptr, i32) -> !llvm.ptr
    %44 = "llvm.intr.bswap"(%29) : (i256) -> i256
    "llvm.store"(%44, %43) <{alignment = 1 : i64, ordering = 0 : i64}> : (i256, !llvm.ptr) -> ()
    "cf.br"()[^bb6] : () -> ()
  ^bb6:  // pred: ^bb5
    %45 = "arith.constant"() <{value = 170141183460469231731687303715884105727 : i256}> : () -> i256
    %46 = "llvm.mlir.addressof"() <{global_name = @dora_stack_ptr}> : () -> !llvm.ptr
    %47 = "llvm.load"(%46) <{ordering = 0 : i64}> : (!llvm.ptr) -> !llvm.ptr
    "llvm.store"(%45, %47) <{ordering = 0 : i64}> : (i256, !llvm.ptr) -> ()
    %48 = "llvm.getelementptr"(%47) <{elem_type = i256, rawConstantIndices = array<i32: 1>}> : (!llvm.ptr) -> !llvm.ptr
    "llvm.store"(%48, %46) <{ordering = 0 : i64}> : (!llvm.ptr, !llvm.ptr) -> ()
    "cf.br"()[^bb7] : () -> ()
  ^bb7:  // pred: ^bb6
    %49 = "arith.constant"() <{value = 32 : i256}> : () -> i256
    %50 = "llvm.mlir.addressof"() <{global_name = @dora_stack_ptr}> : () -> !llvm.ptr
    %51 = "llvm.load"(%50) <{ordering = 0 : i64}> : (!llvm.ptr) -> !llvm.ptr
    "llvm.store"(%49, %51) <{ordering = 0 : i64}> : (i256, !llvm.ptr) -> ()
    %52 = "llvm.getelementptr"(%51) <{elem_type = i256, rawConstantIndices = array<i32: 1>}> : (!llvm.ptr) -> !llvm.ptr
    "llvm.store"(%52, %50) <{ordering = 0 : i64}> : (!llvm.ptr, !llvm.ptr) -> ()
    "cf.br"()[^bb8] : () -> ()
  ^bb8:  // pred: ^bb7
    %53 = "llvm.mlir.addressof"() <{global_name = @dora_stack_ptr}> : () -> !llvm.ptr
    %54 = "llvm.load"(%53) <{ordering = 0 : i64}> : (!llvm.ptr) -> !llvm.ptr
    %55 = "llvm.getelementptr"(%54) <{elem_type = i256, rawConstantIndices = array<i32: -1>}> : (!llvm.ptr) -> !llvm.ptr
    %56 = "llvm.load"(%55) <{ordering = 0 : i64}> : (!llvm.ptr) -> i256
    "llvm.store"(%55, %53) <{ordering = 0 : i64}> : (!llvm.ptr, !llvm.ptr) -> ()
    %57 = "llvm.mlir.addressof"() <{global_name = @dora_stack_ptr}> : () -> !llvm.ptr
    %58 = "llvm.load"(%57) <{ordering = 0 : i64}> : (!llvm.ptr) -> !llvm.ptr
    %59 = "llvm.getelementptr"(%58) <{elem_type = i256, rawConstantIndices = array<i32: -1>}> : (!llvm.ptr) -> !llvm.ptr
    %60 = "llvm.load"(%59) <{ordering = 0 : i64}> : (!llvm.ptr) -> i256
    "llvm.store"(%59, %57) <{ordering = 0 : i64}> : (!llvm.ptr, !llvm.ptr) -> ()
    %61 = "arith.trunci"(%56) : (i256) -> i32
    %62 = "arith.constant"() <{value = 32 : i32}> : () -> i32
    %63 = "arith.addi"(%61, %62) <{overflowFlags = #arith.overflow<none>}> : (i32, i32) -> i32
    %64 = "llvm.mlir.addressof"() <{global_name = @dora_memory_size}> : () -> !llvm.ptr
    %65 = "llvm.load"(%64) <{ordering = 0 : i64}> : (!llvm.ptr) -> i32
    %66 = "arith.constant"() <{value = 31 : i32}> : () -> i32
    %67 = "arith.constant"() <{value = 32 : i32}> : () -> i32
    %68 = "arith.addi"(%63, %66) <{overflowFlags = #arith.overflow<none>}> : (i32, i32) -> i32
    %69 = "arith.divui"(%68, %67) : (i32, i32) -> i32
    %70 = "arith.muli"(%69, %67) <{overflowFlags = #arith.overflow<none>}> : (i32, i32) -> i32
    %71 = "arith.cmpi"(%65, %70) <{predicate = 6 : i64}> : (i32, i32) -> i1
    "scf.if"(%71) ({
      %137 = "func.call"(%arg0, %70) <{callee = @dora_extend_memory}> : (!llvm.ptr, i32) -> !llvm.ptr
      "llvm.store"(%70, %64) <{ordering = 0 : i64}> : (i32, !llvm.ptr) -> ()
      %138 = "llvm.mlir.addressof"() <{global_name = @dora_memory_ptr}> : () -> !llvm.ptr
      "llvm.store"(%137, %138) <{ordering = 0 : i64}> : (!llvm.ptr, !llvm.ptr) -> ()
      "scf.yield"() : () -> ()
    }, {
      "scf.yield"() : () -> ()
    }) : (i1) -> ()
    %72 = "llvm.mlir.addressof"() <{global_name = @dora_memory_ptr}> : () -> !llvm.ptr
    %73 = "llvm.load"(%72) <{ordering = 0 : i64}> : (!llvm.ptr) -> !llvm.ptr
    %74 = "llvm.getelementptr"(%73, %61) <{elem_type = i8, rawConstantIndices = array<i32: -2147483648>}> : (!llvm.ptr, i32) -> !llvm.ptr
    %75 = "llvm.intr.bswap"(%60) : (i256) -> i256
    "llvm.store"(%75, %74) <{alignment = 1 : i64, ordering = 0 : i64}> : (i256, !llvm.ptr) -> ()
    "cf.br"()[^bb9] : () -> ()
  ^bb9:  // pred: ^bb8
    %76 = "arith.constant"() <{value = 41 : i256}> : () -> i256
    %77 = "llvm.mlir.addressof"() <{global_name = @dora_stack_ptr}> : () -> !llvm.ptr
    %78 = "llvm.load"(%77) <{ordering = 0 : i64}> : (!llvm.ptr) -> !llvm.ptr
    "llvm.store"(%76, %78) <{ordering = 0 : i64}> : (i256, !llvm.ptr) -> ()
    %79 = "llvm.getelementptr"(%78) <{elem_type = i256, rawConstantIndices = array<i32: 1>}> : (!llvm.ptr) -> !llvm.ptr
    "llvm.store"(%79, %77) <{ordering = 0 : i64}> : (!llvm.ptr, !llvm.ptr) -> ()
    "cf.br"()[^bb10] : () -> ()
  ^bb10:  // pred: ^bb9
    %80 = "arith.constant"() <{value = 0 : i256}> : () -> i256
    %81 = "llvm.mlir.addressof"() <{global_name = @dora_stack_ptr}> : () -> !llvm.ptr
    %82 = "llvm.load"(%81) <{ordering = 0 : i64}> : (!llvm.ptr) -> !llvm.ptr
    "llvm.store"(%80, %82) <{ordering = 0 : i64}> : (i256, !llvm.ptr) -> ()
    %83 = "llvm.getelementptr"(%82) <{elem_type = i256, rawConstantIndices = array<i32: 1>}> : (!llvm.ptr) -> !llvm.ptr
    "llvm.store"(%83, %81) <{ordering = 0 : i64}> : (!llvm.ptr, !llvm.ptr) -> ()
    "cf.br"()[^bb11] : () -> ()
  ^bb11:  // pred: ^bb10
    %84 = "arith.constant"() <{value = 0 : i256}> : () -> i256
    %85 = "llvm.mlir.addressof"() <{global_name = @dora_stack_ptr}> : () -> !llvm.ptr
    %86 = "llvm.load"(%85) <{ordering = 0 : i64}> : (!llvm.ptr) -> !llvm.ptr
    "llvm.store"(%84, %86) <{ordering = 0 : i64}> : (i256, !llvm.ptr) -> ()
    %87 = "llvm.getelementptr"(%86) <{elem_type = i256, rawConstantIndices = array<i32: 1>}> : (!llvm.ptr) -> !llvm.ptr
    "llvm.store"(%87, %85) <{ordering = 0 : i64}> : (!llvm.ptr, !llvm.ptr) -> ()
    "cf.br"()[^bb12] : () -> ()
  ^bb12:  // pred: ^bb11
    %88 = "llvm.mlir.addressof"() <{global_name = @dora_stack_ptr}> : () -> !llvm.ptr
    %89 = "llvm.load"(%88) <{ordering = 0 : i64}> : (!llvm.ptr) -> !llvm.ptr
    %90 = "llvm.getelementptr"(%89) <{elem_type = i256, rawConstantIndices = array<i32: -1>}> : (!llvm.ptr) -> !llvm.ptr
    %91 = "llvm.load"(%90) <{ordering = 0 : i64}> : (!llvm.ptr) -> i256
    "llvm.store"(%90, %88) <{ordering = 0 : i64}> : (!llvm.ptr, !llvm.ptr) -> ()
    %92 = "llvm.mlir.addressof"() <{global_name = @dora_stack_ptr}> : () -> !llvm.ptr
    %93 = "llvm.load"(%92) <{ordering = 0 : i64}> : (!llvm.ptr) -> !llvm.ptr
    %94 = "llvm.getelementptr"(%93) <{elem_type = i256, rawConstantIndices = array<i32: -1>}> : (!llvm.ptr) -> !llvm.ptr
    %95 = "llvm.load"(%94) <{ordering = 0 : i64}> : (!llvm.ptr) -> i256
    "llvm.store"(%94, %92) <{ordering = 0 : i64}> : (!llvm.ptr, !llvm.ptr) -> ()
    %96 = "llvm.mlir.addressof"() <{global_name = @dora_stack_ptr}> : () -> !llvm.ptr
    %97 = "llvm.load"(%96) <{ordering = 0 : i64}> : (!llvm.ptr) -> !llvm.ptr
    %98 = "llvm.getelementptr"(%97) <{elem_type = i256, rawConstantIndices = array<i32: -1>}> : (!llvm.ptr) -> !llvm.ptr
    %99 = "llvm.load"(%98) <{ordering = 0 : i64}> : (!llvm.ptr) -> i256
    "llvm.store"(%98, %96) <{ordering = 0 : i64}> : (!llvm.ptr, !llvm.ptr) -> ()
    %100 = "arith.trunci"(%95) : (i256) -> i32
    %101 = "arith.trunci"(%99) : (i256) -> i32
    %102 = "arith.addi"(%100, %101) <{overflowFlags = #arith.overflow<none>}> : (i32, i32) -> i32
    %103 = "llvm.mlir.addressof"() <{global_name = @dora_memory_size}> : () -> !llvm.ptr
    %104 = "llvm.load"(%103) <{ordering = 0 : i64}> : (!llvm.ptr) -> i32
    %105 = "arith.constant"() <{value = 31 : i32}> : () -> i32
    %106 = "arith.constant"() <{value = 32 : i32}> : () -> i32
    %107 = "arith.addi"(%102, %105) <{overflowFlags = #arith.overflow<none>}> : (i32, i32) -> i32
    %108 = "arith.divui"(%107, %106) : (i32, i32) -> i32
    %109 = "arith.muli"(%108, %106) <{overflowFlags = #arith.overflow<none>}> : (i32, i32) -> i32
    %110 = "arith.cmpi"(%104, %109) <{predicate = 6 : i64}> : (i32, i32) -> i1
    "scf.if"(%110) ({
      %137 = "func.call"(%arg0, %109) <{callee = @dora_extend_memory}> : (!llvm.ptr, i32) -> !llvm.ptr
      "llvm.store"(%109, %103) <{ordering = 0 : i64}> : (i32, !llvm.ptr) -> ()
      %138 = "llvm.mlir.addressof"() <{global_name = @dora_memory_ptr}> : () -> !llvm.ptr
      "llvm.store"(%137, %138) <{ordering = 0 : i64}> : (!llvm.ptr, !llvm.ptr) -> ()
      "scf.yield"() : () -> ()
    }, {
      "scf.yield"() : () -> ()
    }) : (i1) -> ()
    %111 = "arith.constant"() <{value = 1 : i256}> : () -> i256
    %112 = "llvm.alloca"(%111) <{elem_type = i256}> : (i256) -> !llvm.ptr
    "llvm.store"(%91, %112) <{alignment = 1 : i64, ordering = 0 : i64}> : (i256, !llvm.ptr) -> ()
    %113 = "llvm.mlir.addressof"() <{global_name = @dora_gas_counter}> : () -> !llvm.ptr
    %114 = "llvm.load"(%113) <{ordering = 0 : i64}> : (!llvm.ptr) -> i64
    %115 = "arith.constant"() <{value = 1 : i64}> : () -> i64
    %116 = "llvm.alloca"(%115) <{elem_type = i64}> : (i64) -> !llvm.ptr
    "llvm.store"(%114, %116) <{alignment = 1 : i64, ordering = 0 : i64}> : (i64, !llvm.ptr) -> ()
    %117 = "func.call"(%arg0, %101, %100, %112, %116) <{callee = @dora_create}> : (!llvm.ptr, i32, i32, !llvm.ptr, !llvm.ptr) -> i8
    %118 = "arith.constant"() <{value = 0 : i8}> : () -> i8
    %119 = "arith.cmpi"(%118, %117) <{predicate = 0 : i64}> : (i8, i8) -> i1
    "cf.cond_br"(%119)[^bb13, ^bb1] <{operandSegmentSizes = array<i32: 1, 0, 0>}> : (i1) -> ()
  ^bb13:  // pred: ^bb12
    %120 = "llvm.load"(%112) <{ordering = 0 : i64}> : (!llvm.ptr) -> i256
    %121 = "llvm.mlir.addressof"() <{global_name = @dora_stack_ptr}> : () -> !llvm.ptr
    %122 = "llvm.load"(%121) <{ordering = 0 : i64}> : (!llvm.ptr) -> !llvm.ptr
    "llvm.store"(%120, %122) <{ordering = 0 : i64}> : (i256, !llvm.ptr) -> ()
    %123 = "llvm.getelementptr"(%122) <{elem_type = i256, rawConstantIndices = array<i32: 1>}> : (!llvm.ptr) -> !llvm.ptr
    "llvm.store"(%123, %121) <{ordering = 0 : i64}> : (!llvm.ptr, !llvm.ptr) -> ()
    "cf.br"()[^bb14] : () -> ()
  ^bb14:  // pred: ^bb13
    %124 = "llvm.mlir.addressof"() <{global_name = @dora_stack_ptr}> : () -> !llvm.ptr
    %125 = "llvm.load"(%124) <{ordering = 0 : i64}> : (!llvm.ptr) -> !llvm.ptr
    %126 = "llvm.getelementptr"(%125) <{elem_type = i256, rawConstantIndices = array<i32: -1>}> : (!llvm.ptr) -> !llvm.ptr
    %127 = "llvm.load"(%126) <{ordering = 0 : i64}> : (!llvm.ptr) -> i256
    "llvm.store"(%126, %124) <{ordering = 0 : i64}> : (!llvm.ptr, !llvm.ptr) -> ()
    %128 = "arith.constant"() <{value = 1 : i256}> : () -> i256
    %129 = "llvm.alloca"(%128) <{elem_type = i256}> : (i256) -> !llvm.ptr
    "llvm.store"(%127, %129) <{alignment = 1 : i64, ordering = 0 : i64}> : (i256, !llvm.ptr) -> ()
    %130 = "func.call"(%arg0, %129) <{callee = @dora_get_codesize_from_address}> : (!llvm.ptr, !llvm.ptr) -> i64
    %131 = "arith.extui"(%130) : (i64) -> i256
    %132 = "llvm.mlir.addressof"() <{global_name = @dora_stack_ptr}> : () -> !llvm.ptr
    %133 = "llvm.load"(%132) <{ordering = 0 : i64}> : (!llvm.ptr) -> !llvm.ptr
    "llvm.store"(%131, %133) <{ordering = 0 : i64}> : (i256, !llvm.ptr) -> ()
    %134 = "llvm.getelementptr"(%133) <{elem_type = i256, rawConstantIndices = array<i32: 1>}> : (!llvm.ptr) -> !llvm.ptr
    "llvm.store"(%134, %132) <{ordering = 0 : i64}> : (!llvm.ptr, !llvm.ptr) -> ()
    "cf.br"()[^bb15] : () -> ()
  ^bb15:  // pred: ^bb14
    %135 = "arith.constant"() <{value = 0 : i32}> : () -> i32
    %136 = "arith.constant"() <{value = 1 : i8}> : () -> i8
    "func.call"(%arg0, %135, %135, %arg1, %136) <{callee = @dora_write_result}> : (!llvm.ptr, i32, i32, i64, i8) -> ()
    "func.return"(%136) : (i8) -> ()
  }) {llvm.emit_c_interface} : () -> ()
}) : () -> ()
