---
source: crates/dora-compiler/src/dora/tests/operations.rs
expression: op
snapshot_kind: text
---
module {
  llvm.mlir.global internal @dora_stack_ptr() {addr_space = 0 : i32} : !llvm.ptr
  llvm.mlir.global internal @dora_memory_ptr() {addr_space = 0 : i32} : !llvm.ptr
  llvm.mlir.global internal @dora_memory_size() {addr_space = 0 : i32} : i32
  llvm.mlir.global internal @dora_calldata_ptr() {addr_space = 0 : i32} : !llvm.ptr
  llvm.mlir.global internal @dora_calldata_size() {addr_space = 0 : i32} : i32
  llvm.mlir.global internal @dora_gas_counter() {addr_space = 0 : i32} : i64
  func.func private @dora_debug_print(i32)
  func.func private @dora_write_result(!llvm.ptr, i32, i32, i64, i8)
  func.func private @dora_keccak256_hasher(!llvm.ptr, i32, i32, !llvm.ptr)
  func.func private @dora_get_calldata_ptr(!llvm.ptr) -> !llvm.ptr
  func.func private @dora_get_calldata_size(!llvm.ptr) -> i32
  func.func private @dora_get_chainid(!llvm.ptr) -> i64
  func.func private @dora_store_in_callvalue_ptr(!llvm.ptr, !llvm.ptr)
  func.func private @dora_store_in_caller_ptr(!llvm.ptr, !llvm.ptr)
  func.func private @dora_store_in_gasprice_ptr(!llvm.ptr, !llvm.ptr)
  func.func private @dora_store_in_selfbalance_ptr(!llvm.ptr, !llvm.ptr)
  func.func private @dora_store_in_blobbasefee_ptr(!llvm.ptr, !llvm.ptr)
  func.func private @dora_get_gaslimit(!llvm.ptr) -> i64
  func.func private @dora_extend_memory(!llvm.ptr, i32) -> !llvm.ptr
  func.func private @dora_copy_code_to_memory(!llvm.ptr, i32, i32, i32)
  func.func private @dora_read_storage(!llvm.ptr, !llvm.ptr, !llvm.ptr)
  func.func private @dora_write_storage(!llvm.ptr, !llvm.ptr, !llvm.ptr) -> i64
  func.func private @dora_append_log(!llvm.ptr, i32, i32)
  func.func private @dora_append_log_with_one_topic(!llvm.ptr, i32, i32, !llvm.ptr)
  func.func private @dora_append_log_with_two_topics(!llvm.ptr, i32, i32, !llvm.ptr, !llvm.ptr)
  func.func private @dora_append_log_with_three_topics(!llvm.ptr, i32, i32, !llvm.ptr, !llvm.ptr, !llvm.ptr)
  func.func private @dora_append_log_with_four_topics(!llvm.ptr, i32, i32, !llvm.ptr, !llvm.ptr, !llvm.ptr, !llvm.ptr)
  func.func private @dora_get_origin(!llvm.ptr, !llvm.ptr)
  func.func private @dora_get_coinbase_ptr(!llvm.ptr) -> !llvm.ptr
  func.func private @dora_get_block_number(!llvm.ptr, !llvm.ptr)
  func.func private @dora_get_codesize_from_address(!llvm.ptr, !llvm.ptr) -> i64
  func.func private @dora_get_address_ptr(!llvm.ptr) -> !llvm.ptr
  func.func private @dora_get_prevrandao(!llvm.ptr, !llvm.ptr)
  func.func private @dora_store_in_timestamp_ptr(!llvm.ptr, !llvm.ptr)
  func.func private @dora_store_in_basefee_ptr(!llvm.ptr, !llvm.ptr)
  func.func private @dora_call(!llvm.ptr, i64, !llvm.ptr, !llvm.ptr, i32, i32, i32, i32, i64, !llvm.ptr, i8) -> i8
  func.func private @dora_store_in_balance(!llvm.ptr, !llvm.ptr, !llvm.ptr)
  func.func private @dora_copy_ext_code_to_memory(!llvm.ptr, !llvm.ptr, i32, i32, i32)
  func.func private @dora_get_blob_hash_at_index(!llvm.ptr, !llvm.ptr, !llvm.ptr)
  func.func private @dora_get_block_hash(!llvm.ptr, !llvm.ptr)
  func.func private @dora_get_code_hash(!llvm.ptr, !llvm.ptr)
  func.func private @dora_create(!llvm.ptr, i32, i32, !llvm.ptr, !llvm.ptr) -> i8
  func.func private @dora_create2(!llvm.ptr, i32, i32, !llvm.ptr, !llvm.ptr, !llvm.ptr) -> i8
  func.func private @dora_get_return_data_size(!llvm.ptr) -> i32
  func.func private @dora_copy_return_data_into_memory(!llvm.ptr, i32, i32, i32)
  func.func private @dora_selfdestruct(!llvm.ptr, !llvm.ptr) -> i64
  func.func private @dora_transient_storage_read(!llvm.ptr, !llvm.ptr, !llvm.ptr)
  func.func private @dora_transient_storage_write(!llvm.ptr, !llvm.ptr, !llvm.ptr)
  func.func public @main(%arg0: !llvm.ptr, %arg1: i64) -> i8 attributes {llvm.emit_c_interface} {
    %c1024_i256 = arith.constant 1024 : i256
    %0 = llvm.alloca %c1024_i256 x i256 : (i256) -> !llvm.ptr
    %1 = llvm.mlir.addressof @dora_stack_ptr : !llvm.ptr
    llvm.store %0, %1 : !llvm.ptr, !llvm.ptr
    %c0_i32 = arith.constant 0 : i32
    %2 = llvm.mlir.addressof @dora_memory_size : !llvm.ptr
    llvm.store %c0_i32, %2 : i32, !llvm.ptr
    %3 = call @dora_get_calldata_ptr(%arg0) : (!llvm.ptr) -> !llvm.ptr
    %4 = llvm.mlir.addressof @dora_calldata_ptr : !llvm.ptr
    llvm.store %3, %4 : !llvm.ptr, !llvm.ptr
    %5 = call @dora_get_calldata_size(%arg0) : (!llvm.ptr) -> i32
    %6 = llvm.mlir.addressof @dora_calldata_size : !llvm.ptr
    llvm.store %5, %6 : i32, !llvm.ptr
    %7 = llvm.mlir.addressof @dora_gas_counter : !llvm.ptr
    llvm.store %arg1, %7 : i64, !llvm.ptr
    cf.br ^bb3
  ^bb1:  // pred: ^bb2
    %c0_i32_0 = arith.constant 0 : i32
    %c0_i64 = arith.constant 0 : i64
    %c3_i8 = arith.constant 3 : i8
    call @dora_write_result(%arg0, %c0_i32_0, %c0_i32_0, %c0_i64, %c3_i8) : (!llvm.ptr, i32, i32, i64, i8) -> ()
    return %c3_i8 : i8
  ^bb2(%8: i256):  // no predecessors
    cf.switch %8 : i256, [
      default: ^bb1
    ]
  ^bb3:  // pred: ^bb0
    %c0_i256 = arith.constant 0 : i256
    %9 = llvm.mlir.addressof @dora_stack_ptr : !llvm.ptr
    %10 = llvm.load %9 : !llvm.ptr -> !llvm.ptr
    llvm.store %c0_i256, %10 : i256, !llvm.ptr
    %11 = llvm.getelementptr %10[1] : (!llvm.ptr) -> !llvm.ptr, i256
    llvm.store %11, %9 : !llvm.ptr, !llvm.ptr
    cf.br ^bb4
  ^bb4:  // pred: ^bb3
    %c100_i256 = arith.constant 100 : i256
    %12 = llvm.mlir.addressof @dora_stack_ptr : !llvm.ptr
    %13 = llvm.load %12 : !llvm.ptr -> !llvm.ptr
    llvm.store %c100_i256, %13 : i256, !llvm.ptr
    %14 = llvm.getelementptr %13[1] : (!llvm.ptr) -> !llvm.ptr, i256
    llvm.store %14, %12 : !llvm.ptr, !llvm.ptr
    cf.br ^bb5
  ^bb5:  // pred: ^bb4
    %15 = llvm.mlir.addressof @dora_stack_ptr : !llvm.ptr
    %16 = llvm.load %15 : !llvm.ptr -> !llvm.ptr
    %17 = llvm.getelementptr %16[-1] : (!llvm.ptr) -> !llvm.ptr, i256
    %18 = llvm.load %17 : !llvm.ptr -> i256
    llvm.store %17, %15 : !llvm.ptr, !llvm.ptr
    %19 = llvm.mlir.addressof @dora_stack_ptr : !llvm.ptr
    %20 = llvm.load %19 : !llvm.ptr -> !llvm.ptr
    %21 = llvm.getelementptr %20[-1] : (!llvm.ptr) -> !llvm.ptr, i256
    %22 = llvm.load %21 : !llvm.ptr -> i256
    llvm.store %21, %19 : !llvm.ptr, !llvm.ptr
    %c1_i256 = arith.constant 1 : i256
    %23 = llvm.alloca %c1_i256 x i256 : (i256) -> !llvm.ptr
    llvm.store %18, %23 {alignment = 1 : i64} : i256, !llvm.ptr
    %c1_i256_1 = arith.constant 1 : i256
    %24 = llvm.alloca %c1_i256_1 x i256 : (i256) -> !llvm.ptr
    llvm.store %22, %24 {alignment = 1 : i64} : i256, !llvm.ptr
    %25 = call @dora_write_storage(%arg0, %23, %24) : (!llvm.ptr, !llvm.ptr, !llvm.ptr) -> i64
    cf.br ^bb6
  ^bb6:  // pred: ^bb5
    %c1_i256_2 = arith.constant 1 : i256
    %26 = llvm.mlir.addressof @dora_stack_ptr : !llvm.ptr
    %27 = llvm.load %26 : !llvm.ptr -> !llvm.ptr
    llvm.store %c1_i256_2, %27 : i256, !llvm.ptr
    %28 = llvm.getelementptr %27[1] : (!llvm.ptr) -> !llvm.ptr, i256
    llvm.store %28, %26 : !llvm.ptr, !llvm.ptr
    cf.br ^bb7
  ^bb7:  // pred: ^bb6
    %c200_i256 = arith.constant 200 : i256
    %29 = llvm.mlir.addressof @dora_stack_ptr : !llvm.ptr
    %30 = llvm.load %29 : !llvm.ptr -> !llvm.ptr
    llvm.store %c200_i256, %30 : i256, !llvm.ptr
    %31 = llvm.getelementptr %30[1] : (!llvm.ptr) -> !llvm.ptr, i256
    llvm.store %31, %29 : !llvm.ptr, !llvm.ptr
    cf.br ^bb8
  ^bb8:  // pred: ^bb7
    %32 = llvm.mlir.addressof @dora_stack_ptr : !llvm.ptr
    %33 = llvm.load %32 : !llvm.ptr -> !llvm.ptr
    %34 = llvm.getelementptr %33[-1] : (!llvm.ptr) -> !llvm.ptr, i256
    %35 = llvm.load %34 : !llvm.ptr -> i256
    llvm.store %34, %32 : !llvm.ptr, !llvm.ptr
    %36 = llvm.mlir.addressof @dora_stack_ptr : !llvm.ptr
    %37 = llvm.load %36 : !llvm.ptr -> !llvm.ptr
    %38 = llvm.getelementptr %37[-1] : (!llvm.ptr) -> !llvm.ptr, i256
    %39 = llvm.load %38 : !llvm.ptr -> i256
    llvm.store %38, %36 : !llvm.ptr, !llvm.ptr
    %c1_i256_3 = arith.constant 1 : i256
    %40 = llvm.alloca %c1_i256_3 x i256 : (i256) -> !llvm.ptr
    llvm.store %35, %40 {alignment = 1 : i64} : i256, !llvm.ptr
    %c1_i256_4 = arith.constant 1 : i256
    %41 = llvm.alloca %c1_i256_4 x i256 : (i256) -> !llvm.ptr
    llvm.store %39, %41 {alignment = 1 : i64} : i256, !llvm.ptr
    %42 = call @dora_write_storage(%arg0, %40, %41) : (!llvm.ptr, !llvm.ptr, !llvm.ptr) -> i64
    cf.br ^bb9
  ^bb9:  // pred: ^bb8
    %c0_i256_5 = arith.constant 0 : i256
    %43 = llvm.mlir.addressof @dora_stack_ptr : !llvm.ptr
    %44 = llvm.load %43 : !llvm.ptr -> !llvm.ptr
    llvm.store %c0_i256_5, %44 : i256, !llvm.ptr
    %45 = llvm.getelementptr %44[1] : (!llvm.ptr) -> !llvm.ptr, i256
    llvm.store %45, %43 : !llvm.ptr, !llvm.ptr
    cf.br ^bb10
  ^bb10:  // pred: ^bb9
    %46 = llvm.mlir.addressof @dora_stack_ptr : !llvm.ptr
    %47 = llvm.load %46 : !llvm.ptr -> !llvm.ptr
    %48 = llvm.getelementptr %47[-1] : (!llvm.ptr) -> !llvm.ptr, i256
    %49 = llvm.load %48 : !llvm.ptr -> i256
    llvm.store %48, %46 : !llvm.ptr, !llvm.ptr
    %c1_i256_6 = arith.constant 1 : i256
    %50 = llvm.alloca %c1_i256_6 x i256 : (i256) -> !llvm.ptr
    llvm.store %49, %50 {alignment = 1 : i64} : i256, !llvm.ptr
    %c1_i256_7 = arith.constant 1 : i256
    %51 = llvm.alloca %c1_i256_7 x i256 : (i256) -> !llvm.ptr
    call @dora_read_storage(%arg0, %50, %51) : (!llvm.ptr, !llvm.ptr, !llvm.ptr) -> ()
    %52 = llvm.load %51 : !llvm.ptr -> i256
    %53 = llvm.mlir.addressof @dora_stack_ptr : !llvm.ptr
    %54 = llvm.load %53 : !llvm.ptr -> !llvm.ptr
    llvm.store %52, %54 : i256, !llvm.ptr
    %55 = llvm.getelementptr %54[1] : (!llvm.ptr) -> !llvm.ptr, i256
    llvm.store %55, %53 : !llvm.ptr, !llvm.ptr
    cf.br ^bb11
  ^bb11:  // pred: ^bb10
    %c1_i256_8 = arith.constant 1 : i256
    %56 = llvm.mlir.addressof @dora_stack_ptr : !llvm.ptr
    %57 = llvm.load %56 : !llvm.ptr -> !llvm.ptr
    llvm.store %c1_i256_8, %57 : i256, !llvm.ptr
    %58 = llvm.getelementptr %57[1] : (!llvm.ptr) -> !llvm.ptr, i256
    llvm.store %58, %56 : !llvm.ptr, !llvm.ptr
    cf.br ^bb12
  ^bb12:  // pred: ^bb11
    %59 = llvm.mlir.addressof @dora_stack_ptr : !llvm.ptr
    %60 = llvm.load %59 : !llvm.ptr -> !llvm.ptr
    %61 = llvm.getelementptr %60[-1] : (!llvm.ptr) -> !llvm.ptr, i256
    %62 = llvm.load %61 : !llvm.ptr -> i256
    llvm.store %61, %59 : !llvm.ptr, !llvm.ptr
    %c1_i256_9 = arith.constant 1 : i256
    %63 = llvm.alloca %c1_i256_9 x i256 : (i256) -> !llvm.ptr
    llvm.store %62, %63 {alignment = 1 : i64} : i256, !llvm.ptr
    %c1_i256_10 = arith.constant 1 : i256
    %64 = llvm.alloca %c1_i256_10 x i256 : (i256) -> !llvm.ptr
    call @dora_read_storage(%arg0, %63, %64) : (!llvm.ptr, !llvm.ptr, !llvm.ptr) -> ()
    %65 = llvm.load %64 : !llvm.ptr -> i256
    %66 = llvm.mlir.addressof @dora_stack_ptr : !llvm.ptr
    %67 = llvm.load %66 : !llvm.ptr -> !llvm.ptr
    llvm.store %65, %67 : i256, !llvm.ptr
    %68 = llvm.getelementptr %67[1] : (!llvm.ptr) -> !llvm.ptr, i256
    llvm.store %68, %66 : !llvm.ptr, !llvm.ptr
    cf.br ^bb13
  ^bb13:  // pred: ^bb12
    %c0_i32_11 = arith.constant 0 : i32
    %c1_i8 = arith.constant 1 : i8
    call @dora_write_result(%arg0, %c0_i32_11, %c0_i32_11, %arg1, %c1_i8) : (!llvm.ptr, i32, i32, i64, i8) -> ()
    return %c1_i8 : i8
  }
}
