---
source: crates/dora-compiler/src/dora/tests/operations.rs
expression: op
snapshot_kind: text
---
module {
  llvm.mlir.global internal @dora_stack_ptr() {addr_space = 0 : i32} : !llvm.ptr
  llvm.mlir.global internal @dora_memory_ptr() {addr_space = 0 : i32} : !llvm.ptr
  llvm.mlir.global internal @dora_memory_size() {addr_space = 0 : i32} : i32
  llvm.mlir.global internal @dora_calldata_ptr() {addr_space = 0 : i32} : !llvm.ptr
  llvm.mlir.global internal @dora_calldata_size() {addr_space = 0 : i32} : i32
  llvm.mlir.global internal @dora_gas_counter() {addr_space = 0 : i32} : i64
  func.func private @dora_debug_print(i32)
  func.func private @dora_write_result(!llvm.ptr, i32, i32, i64, i8)
  func.func private @dora_keccak256_hasher(!llvm.ptr, i32, i32, !llvm.ptr)
  func.func private @dora_get_calldata_ptr(!llvm.ptr) -> !llvm.ptr
  func.func private @dora_get_calldata_size(!llvm.ptr) -> i32
  func.func private @dora_get_chainid(!llvm.ptr) -> i64
  func.func private @dora_store_in_callvalue_ptr(!llvm.ptr, !llvm.ptr)
  func.func private @dora_store_in_caller_ptr(!llvm.ptr, !llvm.ptr)
  func.func private @dora_store_in_gasprice_ptr(!llvm.ptr, !llvm.ptr)
  func.func private @dora_store_in_selfbalance_ptr(!llvm.ptr, !llvm.ptr)
  func.func private @dora_store_in_blobbasefee_ptr(!llvm.ptr, !llvm.ptr)
  func.func private @dora_get_gaslimit(!llvm.ptr) -> i64
  func.func private @dora_extend_memory(!llvm.ptr, i32) -> !llvm.ptr
  func.func private @dora_copy_code_to_memory(!llvm.ptr, i32, i32, i32)
  func.func private @dora_read_storage(!llvm.ptr, !llvm.ptr, !llvm.ptr)
  func.func private @dora_write_storage(!llvm.ptr, !llvm.ptr, !llvm.ptr) -> i64
  func.func private @dora_append_log(!llvm.ptr, i32, i32)
  func.func private @dora_append_log_with_one_topic(!llvm.ptr, i32, i32, !llvm.ptr)
  func.func private @dora_append_log_with_two_topics(!llvm.ptr, i32, i32, !llvm.ptr, !llvm.ptr)
  func.func private @dora_append_log_with_three_topics(!llvm.ptr, i32, i32, !llvm.ptr, !llvm.ptr, !llvm.ptr)
  func.func private @dora_append_log_with_four_topics(!llvm.ptr, i32, i32, !llvm.ptr, !llvm.ptr, !llvm.ptr, !llvm.ptr)
  func.func private @dora_get_origin(!llvm.ptr, !llvm.ptr)
  func.func private @dora_get_coinbase_ptr(!llvm.ptr) -> !llvm.ptr
  func.func private @dora_get_block_number(!llvm.ptr, !llvm.ptr)
  func.func private @dora_get_codesize_from_address(!llvm.ptr, !llvm.ptr) -> i64
  func.func private @dora_get_address_ptr(!llvm.ptr) -> !llvm.ptr
  func.func private @dora_get_prevrandao(!llvm.ptr, !llvm.ptr)
  func.func private @dora_store_in_timestamp_ptr(!llvm.ptr, !llvm.ptr)
  func.func private @dora_store_in_basefee_ptr(!llvm.ptr, !llvm.ptr)
  func.func private @dora_call(!llvm.ptr, i64, !llvm.ptr, !llvm.ptr, i32, i32, i32, i32, i64, !llvm.ptr, i8) -> i8
  func.func private @dora_store_in_balance(!llvm.ptr, !llvm.ptr, !llvm.ptr)
  func.func private @dora_copy_ext_code_to_memory(!llvm.ptr, !llvm.ptr, i32, i32, i32)
  func.func private @dora_get_blob_hash_at_index(!llvm.ptr, !llvm.ptr, !llvm.ptr)
  func.func private @dora_get_block_hash(!llvm.ptr, !llvm.ptr)
  func.func private @dora_get_code_hash(!llvm.ptr, !llvm.ptr)
  func.func private @dora_create(!llvm.ptr, i32, i32, !llvm.ptr, !llvm.ptr) -> i8
  func.func private @dora_create2(!llvm.ptr, i32, i32, !llvm.ptr, !llvm.ptr, !llvm.ptr) -> i8
  func.func private @dora_get_return_data_size(!llvm.ptr) -> i32
  func.func private @dora_copy_return_data_into_memory(!llvm.ptr, i32, i32, i32)
  func.func private @dora_selfdestruct(!llvm.ptr, !llvm.ptr) -> i64
  func.func private @dora_transient_storage_read(!llvm.ptr, !llvm.ptr, !llvm.ptr)
  func.func private @dora_transient_storage_write(!llvm.ptr, !llvm.ptr, !llvm.ptr)
  func.func public @main(%arg0: !llvm.ptr, %arg1: i64) -> i8 attributes {llvm.emit_c_interface} {
    %c1024_i256 = arith.constant 1024 : i256
    %0 = llvm.alloca %c1024_i256 x i256 : (i256) -> !llvm.ptr
    %1 = llvm.mlir.addressof @dora_stack_ptr : !llvm.ptr
    llvm.store %0, %1 : !llvm.ptr, !llvm.ptr
    %c0_i32 = arith.constant 0 : i32
    %2 = llvm.mlir.addressof @dora_memory_size : !llvm.ptr
    llvm.store %c0_i32, %2 : i32, !llvm.ptr
    %3 = call @dora_get_calldata_ptr(%arg0) : (!llvm.ptr) -> !llvm.ptr
    %4 = llvm.mlir.addressof @dora_calldata_ptr : !llvm.ptr
    llvm.store %3, %4 : !llvm.ptr, !llvm.ptr
    %5 = call @dora_get_calldata_size(%arg0) : (!llvm.ptr) -> i32
    %6 = llvm.mlir.addressof @dora_calldata_size : !llvm.ptr
    llvm.store %5, %6 : i32, !llvm.ptr
    %7 = llvm.mlir.addressof @dora_gas_counter : !llvm.ptr
    llvm.store %arg1, %7 : i64, !llvm.ptr
    cf.br ^bb3
  ^bb1:  // pred: ^bb2
    %c0_i32_0 = arith.constant 0 : i32
    %c0_i64 = arith.constant 0 : i64
    %c3_i8 = arith.constant 3 : i8
    call @dora_write_result(%arg0, %c0_i32_0, %c0_i32_0, %c0_i64, %c3_i8) : (!llvm.ptr, i32, i32, i64, i8) -> ()
    return %c3_i8 : i8
  ^bb2(%8: i256):  // no predecessors
    cf.switch %8 : i256, [
      default: ^bb1
    ]
  ^bb3:  // pred: ^bb0
    %c0_i256 = arith.constant 0 : i256
    %9 = llvm.mlir.addressof @dora_stack_ptr : !llvm.ptr
    %10 = llvm.load %9 : !llvm.ptr -> !llvm.ptr
    llvm.store %c0_i256, %10 : i256, !llvm.ptr
    %11 = llvm.getelementptr %10[1] : (!llvm.ptr) -> !llvm.ptr, i256
    llvm.store %11, %9 : !llvm.ptr, !llvm.ptr
    cf.br ^bb4
  ^bb4:  // pred: ^bb3
    %12 = llvm.mlir.addressof @dora_stack_ptr : !llvm.ptr
    %13 = llvm.load %12 : !llvm.ptr -> !llvm.ptr
    %14 = llvm.getelementptr %13[-1] : (!llvm.ptr) -> !llvm.ptr, i256
    %15 = llvm.load %14 : !llvm.ptr -> i256
    llvm.store %14, %12 : !llvm.ptr, !llvm.ptr
    %16 = arith.trunci %15 : i256 to i32
    %c32_i32 = arith.constant 32 : i32
    %17 = arith.addi %16, %c32_i32 : i32
    %18 = llvm.mlir.addressof @dora_memory_size : !llvm.ptr
    %19 = llvm.load %18 : !llvm.ptr -> i32
    %c31_i32 = arith.constant 31 : i32
    %c32_i32_1 = arith.constant 32 : i32
    %20 = arith.addi %17, %c31_i32 : i32
    %21 = arith.divui %20, %c32_i32_1 : i32
    %22 = arith.muli %21, %c32_i32_1 : i32
    %23 = arith.cmpi ult, %19, %22 : i32
    scf.if %23 {
      %32 = func.call @dora_extend_memory(%arg0, %22) : (!llvm.ptr, i32) -> !llvm.ptr
      llvm.store %22, %18 : i32, !llvm.ptr
      %33 = llvm.mlir.addressof @dora_memory_ptr : !llvm.ptr
      llvm.store %32, %33 : !llvm.ptr, !llvm.ptr
    } else {
    }
    %24 = llvm.mlir.addressof @dora_memory_ptr : !llvm.ptr
    %25 = llvm.load %24 : !llvm.ptr -> !llvm.ptr
    %26 = llvm.getelementptr %25[%16] : (!llvm.ptr, i32) -> !llvm.ptr, i8
    %27 = llvm.load %26 {alignment = 1 : i64} : !llvm.ptr -> i256
    %28 = llvm.intr.bswap(%27)  : (i256) -> i256
    %29 = llvm.mlir.addressof @dora_stack_ptr : !llvm.ptr
    %30 = llvm.load %29 : !llvm.ptr -> !llvm.ptr
    llvm.store %28, %30 : i256, !llvm.ptr
    %31 = llvm.getelementptr %30[1] : (!llvm.ptr) -> !llvm.ptr, i256
    llvm.store %31, %29 : !llvm.ptr, !llvm.ptr
    cf.br ^bb5
  ^bb5:  // pred: ^bb4
    %c0_i32_2 = arith.constant 0 : i32
    %c1_i8 = arith.constant 1 : i8
    call @dora_write_result(%arg0, %c0_i32_2, %c0_i32_2, %arg1, %c1_i8) : (!llvm.ptr, i32, i32, i64, i8) -> ()
    return %c1_i8 : i8
  }
}
