---
source: crates/dora-compiler/src/dora/tests/operations.rs
expression: op
snapshot_kind: text
---
"builtin.module"() ({
  "llvm.mlir.global"() <{addr_space = 0 : i32, global_type = !llvm.ptr, linkage = #llvm.linkage<internal>, sym_name = "dora_stack_ptr", visibility_ = 0 : i64}> ({
  }) : () -> ()
  "llvm.mlir.global"() <{addr_space = 0 : i32, global_type = !llvm.ptr, linkage = #llvm.linkage<internal>, sym_name = "dora_memory_ptr", visibility_ = 0 : i64}> ({
  }) : () -> ()
  "llvm.mlir.global"() <{addr_space = 0 : i32, global_type = i32, linkage = #llvm.linkage<internal>, sym_name = "dora_memory_size", visibility_ = 0 : i64}> ({
  }) : () -> ()
  "llvm.mlir.global"() <{addr_space = 0 : i32, global_type = !llvm.ptr, linkage = #llvm.linkage<internal>, sym_name = "dora_calldata_ptr", visibility_ = 0 : i64}> ({
  }) : () -> ()
  "llvm.mlir.global"() <{addr_space = 0 : i32, global_type = i32, linkage = #llvm.linkage<internal>, sym_name = "dora_calldata_size", visibility_ = 0 : i64}> ({
  }) : () -> ()
  "llvm.mlir.global"() <{addr_space = 0 : i32, global_type = i64, linkage = #llvm.linkage<internal>, sym_name = "dora_gas_counter", visibility_ = 0 : i64}> ({
  }) : () -> ()
  "func.func"() <{function_type = (i32) -> (), sym_name = "dora_debug_print", sym_visibility = "private"}> ({
  }) : () -> ()
  "func.func"() <{function_type = (!llvm.ptr, i32, i32, i64, i8) -> (), sym_name = "dora_write_result", sym_visibility = "private"}> ({
  }) : () -> ()
  "func.func"() <{function_type = (!llvm.ptr, i32, i32, !llvm.ptr) -> (), sym_name = "dora_keccak256_hasher", sym_visibility = "private"}> ({
  }) : () -> ()
  "func.func"() <{function_type = (!llvm.ptr) -> !llvm.ptr, sym_name = "dora_get_calldata_ptr", sym_visibility = "private"}> ({
  }) : () -> ()
  "func.func"() <{function_type = (!llvm.ptr) -> i32, sym_name = "dora_get_calldata_size", sym_visibility = "private"}> ({
  }) : () -> ()
  "func.func"() <{function_type = (!llvm.ptr) -> i64, sym_name = "dora_get_chainid", sym_visibility = "private"}> ({
  }) : () -> ()
  "func.func"() <{function_type = (!llvm.ptr, !llvm.ptr) -> (), sym_name = "dora_store_in_callvalue_ptr", sym_visibility = "private"}> ({
  }) : () -> ()
  "func.func"() <{function_type = (!llvm.ptr, !llvm.ptr) -> (), sym_name = "dora_store_in_caller_ptr", sym_visibility = "private"}> ({
  }) : () -> ()
  "func.func"() <{function_type = (!llvm.ptr, !llvm.ptr) -> (), sym_name = "dora_store_in_gasprice_ptr", sym_visibility = "private"}> ({
  }) : () -> ()
  "func.func"() <{function_type = (!llvm.ptr, !llvm.ptr) -> (), sym_name = "dora_store_in_selfbalance_ptr", sym_visibility = "private"}> ({
  }) : () -> ()
  "func.func"() <{function_type = (!llvm.ptr, !llvm.ptr) -> (), sym_name = "dora_store_in_blobbasefee_ptr", sym_visibility = "private"}> ({
  }) : () -> ()
  "func.func"() <{function_type = (!llvm.ptr) -> i64, sym_name = "dora_get_gaslimit", sym_visibility = "private"}> ({
  }) : () -> ()
  "func.func"() <{function_type = (!llvm.ptr, i32) -> !llvm.ptr, sym_name = "dora_extend_memory", sym_visibility = "private"}> ({
  }) : () -> ()
  "func.func"() <{function_type = (!llvm.ptr, i32, i32, i32) -> (), sym_name = "dora_copy_code_to_memory", sym_visibility = "private"}> ({
  }) : () -> ()
  "func.func"() <{function_type = (!llvm.ptr, !llvm.ptr, !llvm.ptr) -> (), sym_name = "dora_read_storage", sym_visibility = "private"}> ({
  }) : () -> ()
  "func.func"() <{function_type = (!llvm.ptr, !llvm.ptr, !llvm.ptr) -> i64, sym_name = "dora_write_storage", sym_visibility = "private"}> ({
  }) : () -> ()
  "func.func"() <{function_type = (!llvm.ptr, i32, i32) -> (), sym_name = "dora_append_log", sym_visibility = "private"}> ({
  }) : () -> ()
  "func.func"() <{function_type = (!llvm.ptr, i32, i32, !llvm.ptr) -> (), sym_name = "dora_append_log_with_one_topic", sym_visibility = "private"}> ({
  }) : () -> ()
  "func.func"() <{function_type = (!llvm.ptr, i32, i32, !llvm.ptr, !llvm.ptr) -> (), sym_name = "dora_append_log_with_two_topics", sym_visibility = "private"}> ({
  }) : () -> ()
  "func.func"() <{function_type = (!llvm.ptr, i32, i32, !llvm.ptr, !llvm.ptr, !llvm.ptr) -> (), sym_name = "dora_append_log_with_three_topics", sym_visibility = "private"}> ({
  }) : () -> ()
  "func.func"() <{function_type = (!llvm.ptr, i32, i32, !llvm.ptr, !llvm.ptr, !llvm.ptr, !llvm.ptr) -> (), sym_name = "dora_append_log_with_four_topics", sym_visibility = "private"}> ({
  }) : () -> ()
  "func.func"() <{function_type = (!llvm.ptr, !llvm.ptr) -> (), sym_name = "dora_get_origin", sym_visibility = "private"}> ({
  }) : () -> ()
  "func.func"() <{function_type = (!llvm.ptr) -> !llvm.ptr, sym_name = "dora_get_coinbase_ptr", sym_visibility = "private"}> ({
  }) : () -> ()
  "func.func"() <{function_type = (!llvm.ptr, !llvm.ptr) -> (), sym_name = "dora_get_block_number", sym_visibility = "private"}> ({
  }) : () -> ()
  "func.func"() <{function_type = (!llvm.ptr, !llvm.ptr) -> i64, sym_name = "dora_get_codesize_from_address", sym_visibility = "private"}> ({
  }) : () -> ()
  "func.func"() <{function_type = (!llvm.ptr) -> !llvm.ptr, sym_name = "dora_get_address_ptr", sym_visibility = "private"}> ({
  }) : () -> ()
  "func.func"() <{function_type = (!llvm.ptr, !llvm.ptr) -> (), sym_name = "dora_get_prevrandao", sym_visibility = "private"}> ({
  }) : () -> ()
  "func.func"() <{function_type = (!llvm.ptr, !llvm.ptr) -> (), sym_name = "dora_store_in_timestamp_ptr", sym_visibility = "private"}> ({
  }) : () -> ()
  "func.func"() <{function_type = (!llvm.ptr, !llvm.ptr) -> (), sym_name = "dora_store_in_basefee_ptr", sym_visibility = "private"}> ({
  }) : () -> ()
  "func.func"() <{function_type = (!llvm.ptr, i64, !llvm.ptr, !llvm.ptr, i32, i32, i32, i32, i64, !llvm.ptr, i8) -> i8, sym_name = "dora_call", sym_visibility = "private"}> ({
  }) : () -> ()
  "func.func"() <{function_type = (!llvm.ptr, !llvm.ptr, !llvm.ptr) -> (), sym_name = "dora_store_in_balance", sym_visibility = "private"}> ({
  }) : () -> ()
  "func.func"() <{function_type = (!llvm.ptr, !llvm.ptr, i32, i32, i32) -> (), sym_name = "dora_copy_ext_code_to_memory", sym_visibility = "private"}> ({
  }) : () -> ()
  "func.func"() <{function_type = (!llvm.ptr, !llvm.ptr, !llvm.ptr) -> (), sym_name = "dora_get_blob_hash_at_index", sym_visibility = "private"}> ({
  }) : () -> ()
  "func.func"() <{function_type = (!llvm.ptr, !llvm.ptr) -> (), sym_name = "dora_get_block_hash", sym_visibility = "private"}> ({
  }) : () -> ()
  "func.func"() <{function_type = (!llvm.ptr, !llvm.ptr) -> (), sym_name = "dora_get_code_hash", sym_visibility = "private"}> ({
  }) : () -> ()
  "func.func"() <{function_type = (!llvm.ptr, i32, i32, !llvm.ptr, !llvm.ptr) -> i8, sym_name = "dora_create", sym_visibility = "private"}> ({
  }) : () -> ()
  "func.func"() <{function_type = (!llvm.ptr, i32, i32, !llvm.ptr, !llvm.ptr, !llvm.ptr) -> i8, sym_name = "dora_create2", sym_visibility = "private"}> ({
  }) : () -> ()
  "func.func"() <{function_type = (!llvm.ptr) -> i32, sym_name = "dora_get_return_data_size", sym_visibility = "private"}> ({
  }) : () -> ()
  "func.func"() <{function_type = (!llvm.ptr, i32, i32, i32) -> (), sym_name = "dora_copy_return_data_into_memory", sym_visibility = "private"}> ({
  }) : () -> ()
  "func.func"() <{function_type = (!llvm.ptr, !llvm.ptr) -> i64, sym_name = "dora_selfdestruct", sym_visibility = "private"}> ({
  }) : () -> ()
  "func.func"() <{function_type = (!llvm.ptr, !llvm.ptr, !llvm.ptr) -> (), sym_name = "dora_transient_storage_read", sym_visibility = "private"}> ({
  }) : () -> ()
  "func.func"() <{function_type = (!llvm.ptr, !llvm.ptr, !llvm.ptr) -> (), sym_name = "dora_transient_storage_write", sym_visibility = "private"}> ({
  }) : () -> ()
  "func.func"() <{function_type = (!llvm.ptr, i64) -> i8, sym_name = "main", sym_visibility = "public"}> ({
  ^bb0(%arg0: !llvm.ptr, %arg1: i64):
    %0 = "arith.constant"() <{value = 1024 : i256}> : () -> i256
    %1 = "llvm.alloca"(%0) <{elem_type = i256}> : (i256) -> !llvm.ptr
    %2 = "llvm.mlir.addressof"() <{global_name = @dora_stack_ptr}> : () -> !llvm.ptr
    "llvm.store"(%1, %2) <{ordering = 0 : i64}> : (!llvm.ptr, !llvm.ptr) -> ()
    %3 = "arith.constant"() <{value = 0 : i32}> : () -> i32
    %4 = "llvm.mlir.addressof"() <{global_name = @dora_memory_size}> : () -> !llvm.ptr
    "llvm.store"(%3, %4) <{ordering = 0 : i64}> : (i32, !llvm.ptr) -> ()
    %5 = "func.call"(%arg0) <{callee = @dora_get_calldata_ptr}> : (!llvm.ptr) -> !llvm.ptr
    %6 = "llvm.mlir.addressof"() <{global_name = @dora_calldata_ptr}> : () -> !llvm.ptr
    "llvm.store"(%5, %6) <{ordering = 0 : i64}> : (!llvm.ptr, !llvm.ptr) -> ()
    %7 = "func.call"(%arg0) <{callee = @dora_get_calldata_size}> : (!llvm.ptr) -> i32
    %8 = "llvm.mlir.addressof"() <{global_name = @dora_calldata_size}> : () -> !llvm.ptr
    "llvm.store"(%7, %8) <{ordering = 0 : i64}> : (i32, !llvm.ptr) -> ()
    %9 = "llvm.mlir.addressof"() <{global_name = @dora_gas_counter}> : () -> !llvm.ptr
    "llvm.store"(%arg1, %9) <{ordering = 0 : i64}> : (i64, !llvm.ptr) -> ()
    "cf.br"()[^bb3] : () -> ()
  ^bb1:  // 2 preds: ^bb2, ^bb12
    %10 = "arith.constant"() <{value = 0 : i32}> : () -> i32
    %11 = "arith.constant"() <{value = 0 : i64}> : () -> i64
    %12 = "arith.constant"() <{value = 3 : i8}> : () -> i8
    "func.call"(%arg0, %10, %10, %11, %12) <{callee = @dora_write_result}> : (!llvm.ptr, i32, i32, i64, i8) -> ()
    "func.return"(%12) : (i8) -> ()
  ^bb2(%13: i256):  // no predecessors
    "cf.switch"(%13)[^bb1] <{case_operand_segments = array<i32>, case_values = dense<> : tensor<0xi256>, operandSegmentSizes = array<i32: 1, 0, 0>}> : (i256) -> ()
  ^bb3:  // pred: ^bb0
    %14 = "arith.constant"() <{value = 170141183460469231731687303715884105727 : i256}> : () -> i256
    %15 = "llvm.mlir.addressof"() <{global_name = @dora_stack_ptr}> : () -> !llvm.ptr
    %16 = "llvm.load"(%15) <{ordering = 0 : i64}> : (!llvm.ptr) -> !llvm.ptr
    "llvm.store"(%14, %16) <{ordering = 0 : i64}> : (i256, !llvm.ptr) -> ()
    %17 = "llvm.getelementptr"(%16) <{elem_type = i256, rawConstantIndices = array<i32: 1>}> : (!llvm.ptr) -> !llvm.ptr
    "llvm.store"(%17, %15) <{ordering = 0 : i64}> : (!llvm.ptr, !llvm.ptr) -> ()
    "cf.br"()[^bb4] : () -> ()
  ^bb4:  // pred: ^bb3
    %18 = "arith.constant"() <{value = 0 : i256}> : () -> i256
    %19 = "llvm.mlir.addressof"() <{global_name = @dora_stack_ptr}> : () -> !llvm.ptr
    %20 = "llvm.load"(%19) <{ordering = 0 : i64}> : (!llvm.ptr) -> !llvm.ptr
    "llvm.store"(%18, %20) <{ordering = 0 : i64}> : (i256, !llvm.ptr) -> ()
    %21 = "llvm.getelementptr"(%20) <{elem_type = i256, rawConstantIndices = array<i32: 1>}> : (!llvm.ptr) -> !llvm.ptr
    "llvm.store"(%21, %19) <{ordering = 0 : i64}> : (!llvm.ptr, !llvm.ptr) -> ()
    "cf.br"()[^bb5] : () -> ()
  ^bb5:  // pred: ^bb4
    %22 = "llvm.mlir.addressof"() <{global_name = @dora_stack_ptr}> : () -> !llvm.ptr
    %23 = "llvm.load"(%22) <{ordering = 0 : i64}> : (!llvm.ptr) -> !llvm.ptr
    %24 = "llvm.getelementptr"(%23) <{elem_type = i256, rawConstantIndices = array<i32: -1>}> : (!llvm.ptr) -> !llvm.ptr
    %25 = "llvm.load"(%24) <{ordering = 0 : i64}> : (!llvm.ptr) -> i256
    "llvm.store"(%24, %22) <{ordering = 0 : i64}> : (!llvm.ptr, !llvm.ptr) -> ()
    %26 = "llvm.mlir.addressof"() <{global_name = @dora_stack_ptr}> : () -> !llvm.ptr
    %27 = "llvm.load"(%26) <{ordering = 0 : i64}> : (!llvm.ptr) -> !llvm.ptr
    %28 = "llvm.getelementptr"(%27) <{elem_type = i256, rawConstantIndices = array<i32: -1>}> : (!llvm.ptr) -> !llvm.ptr
    %29 = "llvm.load"(%28) <{ordering = 0 : i64}> : (!llvm.ptr) -> i256
    "llvm.store"(%28, %26) <{ordering = 0 : i64}> : (!llvm.ptr, !llvm.ptr) -> ()
    %30 = "arith.trunci"(%25) : (i256) -> i32
    %31 = "arith.constant"() <{value = 32 : i32}> : () -> i32
    %32 = "arith.addi"(%30, %31) <{overflowFlags = #arith.overflow<none>}> : (i32, i32) -> i32
    %33 = "llvm.mlir.addressof"() <{global_name = @dora_memory_size}> : () -> !llvm.ptr
    %34 = "llvm.load"(%33) <{ordering = 0 : i64}> : (!llvm.ptr) -> i32
    %35 = "arith.constant"() <{value = 31 : i32}> : () -> i32
    %36 = "arith.constant"() <{value = 32 : i32}> : () -> i32
    %37 = "arith.addi"(%32, %35) <{overflowFlags = #arith.overflow<none>}> : (i32, i32) -> i32
    %38 = "arith.divui"(%37, %36) : (i32, i32) -> i32
    %39 = "arith.muli"(%38, %36) <{overflowFlags = #arith.overflow<none>}> : (i32, i32) -> i32
    %40 = "arith.cmpi"(%34, %39) <{predicate = 6 : i64}> : (i32, i32) -> i1
    "scf.if"(%40) ({
      %237 = "func.call"(%arg0, %39) <{callee = @dora_extend_memory}> : (!llvm.ptr, i32) -> !llvm.ptr
      "llvm.store"(%39, %33) <{ordering = 0 : i64}> : (i32, !llvm.ptr) -> ()
      %238 = "llvm.mlir.addressof"() <{global_name = @dora_memory_ptr}> : () -> !llvm.ptr
      "llvm.store"(%237, %238) <{ordering = 0 : i64}> : (!llvm.ptr, !llvm.ptr) -> ()
      "scf.yield"() : () -> ()
    }, {
      "scf.yield"() : () -> ()
    }) : (i1) -> ()
    %41 = "llvm.mlir.addressof"() <{global_name = @dora_memory_ptr}> : () -> !llvm.ptr
    %42 = "llvm.load"(%41) <{ordering = 0 : i64}> : (!llvm.ptr) -> !llvm.ptr
    %43 = "llvm.getelementptr"(%42, %30) <{elem_type = i8, rawConstantIndices = array<i32: -2147483648>}> : (!llvm.ptr, i32) -> !llvm.ptr
    %44 = "llvm.intr.bswap"(%29) : (i256) -> i256
    "llvm.store"(%44, %43) <{alignment = 1 : i64, ordering = 0 : i64}> : (i256, !llvm.ptr) -> ()
    "cf.br"()[^bb6] : () -> ()
  ^bb6:  // pred: ^bb5
    %45 = "arith.constant"() <{value = 170141183460469231731687303715884105727 : i256}> : () -> i256
    %46 = "llvm.mlir.addressof"() <{global_name = @dora_stack_ptr}> : () -> !llvm.ptr
    %47 = "llvm.load"(%46) <{ordering = 0 : i64}> : (!llvm.ptr) -> !llvm.ptr
    "llvm.store"(%45, %47) <{ordering = 0 : i64}> : (i256, !llvm.ptr) -> ()
    %48 = "llvm.getelementptr"(%47) <{elem_type = i256, rawConstantIndices = array<i32: 1>}> : (!llvm.ptr) -> !llvm.ptr
    "llvm.store"(%48, %46) <{ordering = 0 : i64}> : (!llvm.ptr, !llvm.ptr) -> ()
    "cf.br"()[^bb7] : () -> ()
  ^bb7:  // pred: ^bb6
    %49 = "arith.constant"() <{value = 32 : i256}> : () -> i256
    %50 = "llvm.mlir.addressof"() <{global_name = @dora_stack_ptr}> : () -> !llvm.ptr
    %51 = "llvm.load"(%50) <{ordering = 0 : i64}> : (!llvm.ptr) -> !llvm.ptr
    "llvm.store"(%49, %51) <{ordering = 0 : i64}> : (i256, !llvm.ptr) -> ()
    %52 = "llvm.getelementptr"(%51) <{elem_type = i256, rawConstantIndices = array<i32: 1>}> : (!llvm.ptr) -> !llvm.ptr
    "llvm.store"(%52, %50) <{ordering = 0 : i64}> : (!llvm.ptr, !llvm.ptr) -> ()
    "cf.br"()[^bb8] : () -> ()
  ^bb8:  // pred: ^bb7
    %53 = "llvm.mlir.addressof"() <{global_name = @dora_stack_ptr}> : () -> !llvm.ptr
    %54 = "llvm.load"(%53) <{ordering = 0 : i64}> : (!llvm.ptr) -> !llvm.ptr
    %55 = "llvm.getelementptr"(%54) <{elem_type = i256, rawConstantIndices = array<i32: -1>}> : (!llvm.ptr) -> !llvm.ptr
    %56 = "llvm.load"(%55) <{ordering = 0 : i64}> : (!llvm.ptr) -> i256
    "llvm.store"(%55, %53) <{ordering = 0 : i64}> : (!llvm.ptr, !llvm.ptr) -> ()
    %57 = "llvm.mlir.addressof"() <{global_name = @dora_stack_ptr}> : () -> !llvm.ptr
    %58 = "llvm.load"(%57) <{ordering = 0 : i64}> : (!llvm.ptr) -> !llvm.ptr
    %59 = "llvm.getelementptr"(%58) <{elem_type = i256, rawConstantIndices = array<i32: -1>}> : (!llvm.ptr) -> !llvm.ptr
    %60 = "llvm.load"(%59) <{ordering = 0 : i64}> : (!llvm.ptr) -> i256
    "llvm.store"(%59, %57) <{ordering = 0 : i64}> : (!llvm.ptr, !llvm.ptr) -> ()
    %61 = "arith.trunci"(%56) : (i256) -> i32
    %62 = "arith.constant"() <{value = 32 : i32}> : () -> i32
    %63 = "arith.addi"(%61, %62) <{overflowFlags = #arith.overflow<none>}> : (i32, i32) -> i32
    %64 = "llvm.mlir.addressof"() <{global_name = @dora_memory_size}> : () -> !llvm.ptr
    %65 = "llvm.load"(%64) <{ordering = 0 : i64}> : (!llvm.ptr) -> i32
    %66 = "arith.constant"() <{value = 31 : i32}> : () -> i32
    %67 = "arith.constant"() <{value = 32 : i32}> : () -> i32
    %68 = "arith.addi"(%63, %66) <{overflowFlags = #arith.overflow<none>}> : (i32, i32) -> i32
    %69 = "arith.divui"(%68, %67) : (i32, i32) -> i32
    %70 = "arith.muli"(%69, %67) <{overflowFlags = #arith.overflow<none>}> : (i32, i32) -> i32
    %71 = "arith.cmpi"(%65, %70) <{predicate = 6 : i64}> : (i32, i32) -> i1
    "scf.if"(%71) ({
      %237 = "func.call"(%arg0, %70) <{callee = @dora_extend_memory}> : (!llvm.ptr, i32) -> !llvm.ptr
      "llvm.store"(%70, %64) <{ordering = 0 : i64}> : (i32, !llvm.ptr) -> ()
      %238 = "llvm.mlir.addressof"() <{global_name = @dora_memory_ptr}> : () -> !llvm.ptr
      "llvm.store"(%237, %238) <{ordering = 0 : i64}> : (!llvm.ptr, !llvm.ptr) -> ()
      "scf.yield"() : () -> ()
    }, {
      "scf.yield"() : () -> ()
    }) : (i1) -> ()
    %72 = "llvm.mlir.addressof"() <{global_name = @dora_memory_ptr}> : () -> !llvm.ptr
    %73 = "llvm.load"(%72) <{ordering = 0 : i64}> : (!llvm.ptr) -> !llvm.ptr
    %74 = "llvm.getelementptr"(%73, %61) <{elem_type = i8, rawConstantIndices = array<i32: -2147483648>}> : (!llvm.ptr, i32) -> !llvm.ptr
    %75 = "llvm.intr.bswap"(%60) : (i256) -> i256
    "llvm.store"(%75, %74) <{alignment = 1 : i64, ordering = 0 : i64}> : (i256, !llvm.ptr) -> ()
    "cf.br"()[^bb9] : () -> ()
  ^bb9:  // pred: ^bb8
    %76 = "arith.constant"() <{value = 41 : i256}> : () -> i256
    %77 = "llvm.mlir.addressof"() <{global_name = @dora_stack_ptr}> : () -> !llvm.ptr
    %78 = "llvm.load"(%77) <{ordering = 0 : i64}> : (!llvm.ptr) -> !llvm.ptr
    "llvm.store"(%76, %78) <{ordering = 0 : i64}> : (i256, !llvm.ptr) -> ()
    %79 = "llvm.getelementptr"(%78) <{elem_type = i256, rawConstantIndices = array<i32: 1>}> : (!llvm.ptr) -> !llvm.ptr
    "llvm.store"(%79, %77) <{ordering = 0 : i64}> : (!llvm.ptr, !llvm.ptr) -> ()
    "cf.br"()[^bb10] : () -> ()
  ^bb10:  // pred: ^bb9
    %80 = "arith.constant"() <{value = 0 : i256}> : () -> i256
    %81 = "llvm.mlir.addressof"() <{global_name = @dora_stack_ptr}> : () -> !llvm.ptr
    %82 = "llvm.load"(%81) <{ordering = 0 : i64}> : (!llvm.ptr) -> !llvm.ptr
    "llvm.store"(%80, %82) <{ordering = 0 : i64}> : (i256, !llvm.ptr) -> ()
    %83 = "llvm.getelementptr"(%82) <{elem_type = i256, rawConstantIndices = array<i32: 1>}> : (!llvm.ptr) -> !llvm.ptr
    "llvm.store"(%83, %81) <{ordering = 0 : i64}> : (!llvm.ptr, !llvm.ptr) -> ()
    "cf.br"()[^bb11] : () -> ()
  ^bb11:  // pred: ^bb10
    %84 = "arith.constant"() <{value = 0 : i256}> : () -> i256
    %85 = "llvm.mlir.addressof"() <{global_name = @dora_stack_ptr}> : () -> !llvm.ptr
    %86 = "llvm.load"(%85) <{ordering = 0 : i64}> : (!llvm.ptr) -> !llvm.ptr
    "llvm.store"(%84, %86) <{ordering = 0 : i64}> : (i256, !llvm.ptr) -> ()
    %87 = "llvm.getelementptr"(%86) <{elem_type = i256, rawConstantIndices = array<i32: 1>}> : (!llvm.ptr) -> !llvm.ptr
    "llvm.store"(%87, %85) <{ordering = 0 : i64}> : (!llvm.ptr, !llvm.ptr) -> ()
    "cf.br"()[^bb12] : () -> ()
  ^bb12:  // pred: ^bb11
    %88 = "llvm.mlir.addressof"() <{global_name = @dora_stack_ptr}> : () -> !llvm.ptr
    %89 = "llvm.load"(%88) <{ordering = 0 : i64}> : (!llvm.ptr) -> !llvm.ptr
    %90 = "llvm.getelementptr"(%89) <{elem_type = i256, rawConstantIndices = array<i32: -1>}> : (!llvm.ptr) -> !llvm.ptr
    %91 = "llvm.load"(%90) <{ordering = 0 : i64}> : (!llvm.ptr) -> i256
    "llvm.store"(%90, %88) <{ordering = 0 : i64}> : (!llvm.ptr, !llvm.ptr) -> ()
    %92 = "llvm.mlir.addressof"() <{global_name = @dora_stack_ptr}> : () -> !llvm.ptr
    %93 = "llvm.load"(%92) <{ordering = 0 : i64}> : (!llvm.ptr) -> !llvm.ptr
    %94 = "llvm.getelementptr"(%93) <{elem_type = i256, rawConstantIndices = array<i32: -1>}> : (!llvm.ptr) -> !llvm.ptr
    %95 = "llvm.load"(%94) <{ordering = 0 : i64}> : (!llvm.ptr) -> i256
    "llvm.store"(%94, %92) <{ordering = 0 : i64}> : (!llvm.ptr, !llvm.ptr) -> ()
    %96 = "llvm.mlir.addressof"() <{global_name = @dora_stack_ptr}> : () -> !llvm.ptr
    %97 = "llvm.load"(%96) <{ordering = 0 : i64}> : (!llvm.ptr) -> !llvm.ptr
    %98 = "llvm.getelementptr"(%97) <{elem_type = i256, rawConstantIndices = array<i32: -1>}> : (!llvm.ptr) -> !llvm.ptr
    %99 = "llvm.load"(%98) <{ordering = 0 : i64}> : (!llvm.ptr) -> i256
    "llvm.store"(%98, %96) <{ordering = 0 : i64}> : (!llvm.ptr, !llvm.ptr) -> ()
    %100 = "arith.trunci"(%95) : (i256) -> i32
    %101 = "arith.trunci"(%99) : (i256) -> i32
    %102 = "arith.addi"(%100, %101) <{overflowFlags = #arith.overflow<none>}> : (i32, i32) -> i32
    %103 = "llvm.mlir.addressof"() <{global_name = @dora_memory_size}> : () -> !llvm.ptr
    %104 = "llvm.load"(%103) <{ordering = 0 : i64}> : (!llvm.ptr) -> i32
    %105 = "arith.constant"() <{value = 31 : i32}> : () -> i32
    %106 = "arith.constant"() <{value = 32 : i32}> : () -> i32
    %107 = "arith.addi"(%102, %105) <{overflowFlags = #arith.overflow<none>}> : (i32, i32) -> i32
    %108 = "arith.divui"(%107, %106) : (i32, i32) -> i32
    %109 = "arith.muli"(%108, %106) <{overflowFlags = #arith.overflow<none>}> : (i32, i32) -> i32
    %110 = "arith.cmpi"(%104, %109) <{predicate = 6 : i64}> : (i32, i32) -> i1
    "scf.if"(%110) ({
      %237 = "func.call"(%arg0, %109) <{callee = @dora_extend_memory}> : (!llvm.ptr, i32) -> !llvm.ptr
      "llvm.store"(%109, %103) <{ordering = 0 : i64}> : (i32, !llvm.ptr) -> ()
      %238 = "llvm.mlir.addressof"() <{global_name = @dora_memory_ptr}> : () -> !llvm.ptr
      "llvm.store"(%237, %238) <{ordering = 0 : i64}> : (!llvm.ptr, !llvm.ptr) -> ()
      "scf.yield"() : () -> ()
    }, {
      "scf.yield"() : () -> ()
    }) : (i1) -> ()
    %111 = "arith.constant"() <{value = 1 : i256}> : () -> i256
    %112 = "llvm.alloca"(%111) <{elem_type = i256}> : (i256) -> !llvm.ptr
    "llvm.store"(%91, %112) <{alignment = 1 : i64, ordering = 0 : i64}> : (i256, !llvm.ptr) -> ()
    %113 = "llvm.mlir.addressof"() <{global_name = @dora_gas_counter}> : () -> !llvm.ptr
    %114 = "llvm.load"(%113) <{ordering = 0 : i64}> : (!llvm.ptr) -> i64
    %115 = "arith.constant"() <{value = 1 : i64}> : () -> i64
    %116 = "llvm.alloca"(%115) <{elem_type = i64}> : (i64) -> !llvm.ptr
    "llvm.store"(%114, %116) <{alignment = 1 : i64, ordering = 0 : i64}> : (i64, !llvm.ptr) -> ()
    %117 = "func.call"(%arg0, %101, %100, %112, %116) <{callee = @dora_create}> : (!llvm.ptr, i32, i32, !llvm.ptr, !llvm.ptr) -> i8
    %118 = "arith.constant"() <{value = 0 : i8}> : () -> i8
    %119 = "arith.cmpi"(%118, %117) <{predicate = 0 : i64}> : (i8, i8) -> i1
    "cf.cond_br"(%119)[^bb13, ^bb1] <{operandSegmentSizes = array<i32: 1, 0, 0>}> : (i1) -> ()
  ^bb13:  // pred: ^bb12
    %120 = "llvm.load"(%112) <{ordering = 0 : i64}> : (!llvm.ptr) -> i256
    %121 = "llvm.mlir.addressof"() <{global_name = @dora_stack_ptr}> : () -> !llvm.ptr
    %122 = "llvm.load"(%121) <{ordering = 0 : i64}> : (!llvm.ptr) -> !llvm.ptr
    "llvm.store"(%120, %122) <{ordering = 0 : i64}> : (i256, !llvm.ptr) -> ()
    %123 = "llvm.getelementptr"(%122) <{elem_type = i256, rawConstantIndices = array<i32: 1>}> : (!llvm.ptr) -> !llvm.ptr
    "llvm.store"(%123, %121) <{ordering = 0 : i64}> : (!llvm.ptr, !llvm.ptr) -> ()
    "cf.br"()[^bb14] : () -> ()
  ^bb14:  // pred: ^bb13
    %124 = "arith.constant"() <{value = 0 : i256}> : () -> i256
    %125 = "llvm.mlir.addressof"() <{global_name = @dora_stack_ptr}> : () -> !llvm.ptr
    %126 = "llvm.load"(%125) <{ordering = 0 : i64}> : (!llvm.ptr) -> !llvm.ptr
    "llvm.store"(%124, %126) <{ordering = 0 : i64}> : (i256, !llvm.ptr) -> ()
    %127 = "llvm.getelementptr"(%126) <{elem_type = i256, rawConstantIndices = array<i32: 1>}> : (!llvm.ptr) -> !llvm.ptr
    "llvm.store"(%127, %125) <{ordering = 0 : i64}> : (!llvm.ptr, !llvm.ptr) -> ()
    "cf.br"()[^bb15] : () -> ()
  ^bb15:  // pred: ^bb14
    %128 = "arith.constant"() <{value = 0 : i256}> : () -> i256
    %129 = "llvm.mlir.addressof"() <{global_name = @dora_stack_ptr}> : () -> !llvm.ptr
    %130 = "llvm.load"(%129) <{ordering = 0 : i64}> : (!llvm.ptr) -> !llvm.ptr
    "llvm.store"(%128, %130) <{ordering = 0 : i64}> : (i256, !llvm.ptr) -> ()
    %131 = "llvm.getelementptr"(%130) <{elem_type = i256, rawConstantIndices = array<i32: 1>}> : (!llvm.ptr) -> !llvm.ptr
    "llvm.store"(%131, %129) <{ordering = 0 : i64}> : (!llvm.ptr, !llvm.ptr) -> ()
    "cf.br"()[^bb16] : () -> ()
  ^bb16:  // pred: ^bb15
    %132 = "llvm.mlir.addressof"() <{global_name = @dora_stack_ptr}> : () -> !llvm.ptr
    %133 = "llvm.load"(%132) <{ordering = 0 : i64}> : (!llvm.ptr) -> !llvm.ptr
    %134 = "llvm.getelementptr"(%133) <{elem_type = i256, rawConstantIndices = array<i32: -1>}> : (!llvm.ptr) -> !llvm.ptr
    %135 = "llvm.load"(%134) <{ordering = 0 : i64}> : (!llvm.ptr) -> i256
    "llvm.store"(%134, %132) <{ordering = 0 : i64}> : (!llvm.ptr, !llvm.ptr) -> ()
    %136 = "llvm.mlir.addressof"() <{global_name = @dora_stack_ptr}> : () -> !llvm.ptr
    %137 = "llvm.load"(%136) <{ordering = 0 : i64}> : (!llvm.ptr) -> !llvm.ptr
    %138 = "llvm.getelementptr"(%137) <{elem_type = i256, rawConstantIndices = array<i32: -1>}> : (!llvm.ptr) -> !llvm.ptr
    %139 = "llvm.load"(%138) <{ordering = 0 : i64}> : (!llvm.ptr) -> i256
    "llvm.store"(%138, %136) <{ordering = 0 : i64}> : (!llvm.ptr, !llvm.ptr) -> ()
    %140 = "arith.trunci"(%135) : (i256) -> i32
    %141 = "arith.constant"() <{value = 32 : i32}> : () -> i32
    %142 = "arith.addi"(%140, %141) <{overflowFlags = #arith.overflow<none>}> : (i32, i32) -> i32
    %143 = "llvm.mlir.addressof"() <{global_name = @dora_memory_size}> : () -> !llvm.ptr
    %144 = "llvm.load"(%143) <{ordering = 0 : i64}> : (!llvm.ptr) -> i32
    %145 = "arith.constant"() <{value = 31 : i32}> : () -> i32
    %146 = "arith.constant"() <{value = 32 : i32}> : () -> i32
    %147 = "arith.addi"(%142, %145) <{overflowFlags = #arith.overflow<none>}> : (i32, i32) -> i32
    %148 = "arith.divui"(%147, %146) : (i32, i32) -> i32
    %149 = "arith.muli"(%148, %146) <{overflowFlags = #arith.overflow<none>}> : (i32, i32) -> i32
    %150 = "arith.cmpi"(%144, %149) <{predicate = 6 : i64}> : (i32, i32) -> i1
    "scf.if"(%150) ({
      %237 = "func.call"(%arg0, %149) <{callee = @dora_extend_memory}> : (!llvm.ptr, i32) -> !llvm.ptr
      "llvm.store"(%149, %143) <{ordering = 0 : i64}> : (i32, !llvm.ptr) -> ()
      %238 = "llvm.mlir.addressof"() <{global_name = @dora_memory_ptr}> : () -> !llvm.ptr
      "llvm.store"(%237, %238) <{ordering = 0 : i64}> : (!llvm.ptr, !llvm.ptr) -> ()
      "scf.yield"() : () -> ()
    }, {
      "scf.yield"() : () -> ()
    }) : (i1) -> ()
    %151 = "llvm.mlir.addressof"() <{global_name = @dora_memory_ptr}> : () -> !llvm.ptr
    %152 = "llvm.load"(%151) <{ordering = 0 : i64}> : (!llvm.ptr) -> !llvm.ptr
    %153 = "llvm.getelementptr"(%152, %140) <{elem_type = i8, rawConstantIndices = array<i32: -2147483648>}> : (!llvm.ptr, i32) -> !llvm.ptr
    %154 = "llvm.intr.bswap"(%139) : (i256) -> i256
    "llvm.store"(%154, %153) <{alignment = 1 : i64, ordering = 0 : i64}> : (i256, !llvm.ptr) -> ()
    "cf.br"()[^bb17] : () -> ()
  ^bb17:  // pred: ^bb16
    %155 = "arith.constant"() <{value = 0 : i256}> : () -> i256
    %156 = "llvm.mlir.addressof"() <{global_name = @dora_stack_ptr}> : () -> !llvm.ptr
    %157 = "llvm.load"(%156) <{ordering = 0 : i64}> : (!llvm.ptr) -> !llvm.ptr
    "llvm.store"(%155, %157) <{ordering = 0 : i64}> : (i256, !llvm.ptr) -> ()
    %158 = "llvm.getelementptr"(%157) <{elem_type = i256, rawConstantIndices = array<i32: 1>}> : (!llvm.ptr) -> !llvm.ptr
    "llvm.store"(%158, %156) <{ordering = 0 : i64}> : (!llvm.ptr, !llvm.ptr) -> ()
    "cf.br"()[^bb18] : () -> ()
  ^bb18:  // pred: ^bb17
    %159 = "arith.constant"() <{value = 32 : i256}> : () -> i256
    %160 = "llvm.mlir.addressof"() <{global_name = @dora_stack_ptr}> : () -> !llvm.ptr
    %161 = "llvm.load"(%160) <{ordering = 0 : i64}> : (!llvm.ptr) -> !llvm.ptr
    "llvm.store"(%159, %161) <{ordering = 0 : i64}> : (i256, !llvm.ptr) -> ()
    %162 = "llvm.getelementptr"(%161) <{elem_type = i256, rawConstantIndices = array<i32: 1>}> : (!llvm.ptr) -> !llvm.ptr
    "llvm.store"(%162, %160) <{ordering = 0 : i64}> : (!llvm.ptr, !llvm.ptr) -> ()
    "cf.br"()[^bb19] : () -> ()
  ^bb19:  // pred: ^bb18
    %163 = "llvm.mlir.addressof"() <{global_name = @dora_stack_ptr}> : () -> !llvm.ptr
    %164 = "llvm.load"(%163) <{ordering = 0 : i64}> : (!llvm.ptr) -> !llvm.ptr
    %165 = "llvm.getelementptr"(%164) <{elem_type = i256, rawConstantIndices = array<i32: -1>}> : (!llvm.ptr) -> !llvm.ptr
    %166 = "llvm.load"(%165) <{ordering = 0 : i64}> : (!llvm.ptr) -> i256
    "llvm.store"(%165, %163) <{ordering = 0 : i64}> : (!llvm.ptr, !llvm.ptr) -> ()
    %167 = "llvm.mlir.addressof"() <{global_name = @dora_stack_ptr}> : () -> !llvm.ptr
    %168 = "llvm.load"(%167) <{ordering = 0 : i64}> : (!llvm.ptr) -> !llvm.ptr
    %169 = "llvm.getelementptr"(%168) <{elem_type = i256, rawConstantIndices = array<i32: -1>}> : (!llvm.ptr) -> !llvm.ptr
    %170 = "llvm.load"(%169) <{ordering = 0 : i64}> : (!llvm.ptr) -> i256
    "llvm.store"(%169, %167) <{ordering = 0 : i64}> : (!llvm.ptr, !llvm.ptr) -> ()
    %171 = "arith.trunci"(%166) : (i256) -> i32
    %172 = "arith.constant"() <{value = 32 : i32}> : () -> i32
    %173 = "arith.addi"(%171, %172) <{overflowFlags = #arith.overflow<none>}> : (i32, i32) -> i32
    %174 = "llvm.mlir.addressof"() <{global_name = @dora_memory_size}> : () -> !llvm.ptr
    %175 = "llvm.load"(%174) <{ordering = 0 : i64}> : (!llvm.ptr) -> i32
    %176 = "arith.constant"() <{value = 31 : i32}> : () -> i32
    %177 = "arith.constant"() <{value = 32 : i32}> : () -> i32
    %178 = "arith.addi"(%173, %176) <{overflowFlags = #arith.overflow<none>}> : (i32, i32) -> i32
    %179 = "arith.divui"(%178, %177) : (i32, i32) -> i32
    %180 = "arith.muli"(%179, %177) <{overflowFlags = #arith.overflow<none>}> : (i32, i32) -> i32
    %181 = "arith.cmpi"(%175, %180) <{predicate = 6 : i64}> : (i32, i32) -> i1
    "scf.if"(%181) ({
      %237 = "func.call"(%arg0, %180) <{callee = @dora_extend_memory}> : (!llvm.ptr, i32) -> !llvm.ptr
      "llvm.store"(%180, %174) <{ordering = 0 : i64}> : (i32, !llvm.ptr) -> ()
      %238 = "llvm.mlir.addressof"() <{global_name = @dora_memory_ptr}> : () -> !llvm.ptr
      "llvm.store"(%237, %238) <{ordering = 0 : i64}> : (!llvm.ptr, !llvm.ptr) -> ()
      "scf.yield"() : () -> ()
    }, {
      "scf.yield"() : () -> ()
    }) : (i1) -> ()
    %182 = "llvm.mlir.addressof"() <{global_name = @dora_memory_ptr}> : () -> !llvm.ptr
    %183 = "llvm.load"(%182) <{ordering = 0 : i64}> : (!llvm.ptr) -> !llvm.ptr
    %184 = "llvm.getelementptr"(%183, %171) <{elem_type = i8, rawConstantIndices = array<i32: -2147483648>}> : (!llvm.ptr, i32) -> !llvm.ptr
    %185 = "llvm.intr.bswap"(%170) : (i256) -> i256
    "llvm.store"(%185, %184) <{alignment = 1 : i64, ordering = 0 : i64}> : (i256, !llvm.ptr) -> ()
    "cf.br"()[^bb20] : () -> ()
  ^bb20:  // pred: ^bb19
    %186 = "arith.constant"() <{value = 32 : i256}> : () -> i256
    %187 = "llvm.mlir.addressof"() <{global_name = @dora_stack_ptr}> : () -> !llvm.ptr
    %188 = "llvm.load"(%187) <{ordering = 0 : i64}> : (!llvm.ptr) -> !llvm.ptr
    "llvm.store"(%186, %188) <{ordering = 0 : i64}> : (i256, !llvm.ptr) -> ()
    %189 = "llvm.getelementptr"(%188) <{elem_type = i256, rawConstantIndices = array<i32: 1>}> : (!llvm.ptr) -> !llvm.ptr
    "llvm.store"(%189, %187) <{ordering = 0 : i64}> : (!llvm.ptr, !llvm.ptr) -> ()
    "cf.br"()[^bb21] : () -> ()
  ^bb21:  // pred: ^bb20
    %190 = "arith.constant"() <{value = 0 : i256}> : () -> i256
    %191 = "llvm.mlir.addressof"() <{global_name = @dora_stack_ptr}> : () -> !llvm.ptr
    %192 = "llvm.load"(%191) <{ordering = 0 : i64}> : (!llvm.ptr) -> !llvm.ptr
    "llvm.store"(%190, %192) <{ordering = 0 : i64}> : (i256, !llvm.ptr) -> ()
    %193 = "llvm.getelementptr"(%192) <{elem_type = i256, rawConstantIndices = array<i32: 1>}> : (!llvm.ptr) -> !llvm.ptr
    "llvm.store"(%193, %191) <{ordering = 0 : i64}> : (!llvm.ptr, !llvm.ptr) -> ()
    "cf.br"()[^bb22] : () -> ()
  ^bb22:  // pred: ^bb21
    %194 = "arith.constant"() <{value = 0 : i256}> : () -> i256
    %195 = "llvm.mlir.addressof"() <{global_name = @dora_stack_ptr}> : () -> !llvm.ptr
    %196 = "llvm.load"(%195) <{ordering = 0 : i64}> : (!llvm.ptr) -> !llvm.ptr
    "llvm.store"(%194, %196) <{ordering = 0 : i64}> : (i256, !llvm.ptr) -> ()
    %197 = "llvm.getelementptr"(%196) <{elem_type = i256, rawConstantIndices = array<i32: 1>}> : (!llvm.ptr) -> !llvm.ptr
    "llvm.store"(%197, %195) <{ordering = 0 : i64}> : (!llvm.ptr, !llvm.ptr) -> ()
    "cf.br"()[^bb23] : () -> ()
  ^bb23:  // pred: ^bb22
    %198 = "llvm.mlir.addressof"() <{global_name = @dora_stack_ptr}> : () -> !llvm.ptr
    %199 = "llvm.load"(%198) <{ordering = 0 : i64}> : (!llvm.ptr) -> !llvm.ptr
    %200 = "llvm.getelementptr"(%199) <{elem_type = i256, rawConstantIndices = array<i32: -4>}> : (!llvm.ptr) -> !llvm.ptr
    %201 = "llvm.load"(%200) <{ordering = 0 : i64}> : (!llvm.ptr) -> i256
    %202 = "llvm.mlir.addressof"() <{global_name = @dora_stack_ptr}> : () -> !llvm.ptr
    %203 = "llvm.load"(%202) <{ordering = 0 : i64}> : (!llvm.ptr) -> !llvm.ptr
    "llvm.store"(%201, %203) <{ordering = 0 : i64}> : (i256, !llvm.ptr) -> ()
    %204 = "llvm.getelementptr"(%203) <{elem_type = i256, rawConstantIndices = array<i32: 1>}> : (!llvm.ptr) -> !llvm.ptr
    "llvm.store"(%204, %202) <{ordering = 0 : i64}> : (!llvm.ptr, !llvm.ptr) -> ()
    "cf.br"()[^bb24] : () -> ()
  ^bb24:  // pred: ^bb23
    %205 = "llvm.mlir.addressof"() <{global_name = @dora_stack_ptr}> : () -> !llvm.ptr
    %206 = "llvm.load"(%205) <{ordering = 0 : i64}> : (!llvm.ptr) -> !llvm.ptr
    %207 = "llvm.getelementptr"(%206) <{elem_type = i256, rawConstantIndices = array<i32: -1>}> : (!llvm.ptr) -> !llvm.ptr
    %208 = "llvm.load"(%207) <{ordering = 0 : i64}> : (!llvm.ptr) -> i256
    "llvm.store"(%207, %205) <{ordering = 0 : i64}> : (!llvm.ptr, !llvm.ptr) -> ()
    %209 = "llvm.mlir.addressof"() <{global_name = @dora_stack_ptr}> : () -> !llvm.ptr
    %210 = "llvm.load"(%209) <{ordering = 0 : i64}> : (!llvm.ptr) -> !llvm.ptr
    %211 = "llvm.getelementptr"(%210) <{elem_type = i256, rawConstantIndices = array<i32: -1>}> : (!llvm.ptr) -> !llvm.ptr
    %212 = "llvm.load"(%211) <{ordering = 0 : i64}> : (!llvm.ptr) -> i256
    "llvm.store"(%211, %209) <{ordering = 0 : i64}> : (!llvm.ptr, !llvm.ptr) -> ()
    %213 = "llvm.mlir.addressof"() <{global_name = @dora_stack_ptr}> : () -> !llvm.ptr
    %214 = "llvm.load"(%213) <{ordering = 0 : i64}> : (!llvm.ptr) -> !llvm.ptr
    %215 = "llvm.getelementptr"(%214) <{elem_type = i256, rawConstantIndices = array<i32: -1>}> : (!llvm.ptr) -> !llvm.ptr
    %216 = "llvm.load"(%215) <{ordering = 0 : i64}> : (!llvm.ptr) -> i256
    "llvm.store"(%215, %213) <{ordering = 0 : i64}> : (!llvm.ptr, !llvm.ptr) -> ()
    %217 = "llvm.mlir.addressof"() <{global_name = @dora_stack_ptr}> : () -> !llvm.ptr
    %218 = "llvm.load"(%217) <{ordering = 0 : i64}> : (!llvm.ptr) -> !llvm.ptr
    %219 = "llvm.getelementptr"(%218) <{elem_type = i256, rawConstantIndices = array<i32: -1>}> : (!llvm.ptr) -> !llvm.ptr
    %220 = "llvm.load"(%219) <{ordering = 0 : i64}> : (!llvm.ptr) -> i256
    "llvm.store"(%219, %217) <{ordering = 0 : i64}> : (!llvm.ptr, !llvm.ptr) -> ()
    %221 = "arith.trunci"(%216) : (i256) -> i32
    %222 = "arith.trunci"(%220) : (i256) -> i32
    %223 = "arith.trunci"(%212) : (i256) -> i32
    %224 = "arith.constant"() <{value = 1 : i256}> : () -> i256
    %225 = "llvm.alloca"(%224) <{elem_type = i256}> : (i256) -> !llvm.ptr
    "llvm.store"(%208, %225) <{alignment = 1 : i64, ordering = 0 : i64}> : (i256, !llvm.ptr) -> ()
    %226 = "arith.addi"(%223, %222) <{overflowFlags = #arith.overflow<none>}> : (i32, i32) -> i32
    %227 = "llvm.mlir.addressof"() <{global_name = @dora_memory_size}> : () -> !llvm.ptr
    %228 = "llvm.load"(%227) <{ordering = 0 : i64}> : (!llvm.ptr) -> i32
    %229 = "arith.constant"() <{value = 31 : i32}> : () -> i32
    %230 = "arith.constant"() <{value = 32 : i32}> : () -> i32
    %231 = "arith.addi"(%226, %229) <{overflowFlags = #arith.overflow<none>}> : (i32, i32) -> i32
    %232 = "arith.divui"(%231, %230) : (i32, i32) -> i32
    %233 = "arith.muli"(%232, %230) <{overflowFlags = #arith.overflow<none>}> : (i32, i32) -> i32
    %234 = "arith.cmpi"(%228, %233) <{predicate = 6 : i64}> : (i32, i32) -> i1
    "scf.if"(%234) ({
      %237 = "func.call"(%arg0, %233) <{callee = @dora_extend_memory}> : (!llvm.ptr, i32) -> !llvm.ptr
      "llvm.store"(%233, %227) <{ordering = 0 : i64}> : (i32, !llvm.ptr) -> ()
      %238 = "llvm.mlir.addressof"() <{global_name = @dora_memory_ptr}> : () -> !llvm.ptr
      "llvm.store"(%237, %238) <{ordering = 0 : i64}> : (!llvm.ptr, !llvm.ptr) -> ()
      "scf.yield"() : () -> ()
    }, {
      "scf.yield"() : () -> ()
    }) : (i1) -> ()
    "func.call"(%arg0, %225, %221, %222, %223) <{callee = @dora_copy_ext_code_to_memory}> : (!llvm.ptr, !llvm.ptr, i32, i32, i32) -> ()
    "cf.br"()[^bb25] : () -> ()
  ^bb25:  // pred: ^bb24
    %235 = "arith.constant"() <{value = 0 : i32}> : () -> i32
    %236 = "arith.constant"() <{value = 1 : i8}> : () -> i8
    "func.call"(%arg0, %235, %235, %arg1, %236) <{callee = @dora_write_result}> : (!llvm.ptr, i32, i32, i64, i8) -> ()
    "func.return"(%236) : (i8) -> ()
  }) {llvm.emit_c_interface} : () -> ()
}) : () -> ()
